******************************************************************************
            TI ARM Clang Linker PC v4.0.3                      
******************************************************************************
>> Linked Thu Sep 18 18:00:45 2025

OUTPUT FILE NAME:   <test.out>
ENTRY POINT SYMBOL: "_c_int00_noargs"  address: 00004191


MEMORY CONFIGURATION

         name            origin    length      used     unused   attr    fill
----------------------  --------  ---------  --------  --------  ----  --------
  FLASH                 00000000   00020000  000055f0  0001aa10  R  X
  SRAM                  20200000   00008000  00000740  000078c0  RW X
  BCR_CONFIG            41c00000   000000ff  00000000  000000ff  R   
  BSL_CONFIG            41c00100   00000080  00000000  00000080  R   


SEGMENT ALLOCATION MAP

run origin  load origin   length   init length attrs members
----------  ----------- ---------- ----------- ----- -------
00000000    00000000    000055f0   000055f0    r-x
  00000000    00000000    000000c0   000000c0    r-- .intvecs
  000000c0    000000c0    00004ab0   00004ab0    r-x .text
  00004b70    00004b70    00000a30   00000a30    r-- .rodata
  000055a0    000055a0    00000050   00000050    r-- .cinit
20200000    20200000    00000540   00000000    rw-
  20200000    20200000    00000440   00000000    rw- .bss
  20200440    20200440    00000100   00000000    rw- .data
20207e00    20207e00    00000200   00000000    rw-
  20207e00    20207e00    00000200   00000000    rw- .stack


SECTION ALLOCATION MAP

 output                                  attributes/
section   page    origin      length       input sections
--------  ----  ----------  ----------   ----------------
.intvecs   0    00000000    000000c0     
                  00000000    000000c0     startup_mspm0g350x_ticlang.o (.intvecs)

.text      0    000000c0    00004ab0     
                  000000c0    000009d0     libc.a : _printfi.c.obj (.text:__TI_printfi)
                  00000a90    00000290     ti_msp_dl_config.o (.text.SYSCFG_DL_GPIO_init)
                  00000d20    00000220     libc.a : _printfi.c.obj (.text._pconv_a)
                  00000f40    000001dc            : _printfi.c.obj (.text._pconv_g)
                  0000111c    000001bc     main.o (.text.TIMG0_IRQHandler)
                  000012d8    000001b8     work.o (.text.oled_show)
                  00001490    000001a8     main.o (.text.main)
                  00001638    00000192     libclang_rt.builtins.a : adddf3.S.obj (.text.adddf3_subdf3)
                  000017ca    00000002     Motor.o (.text.GROUP1_IRQHandler)
                  000017cc    00000178     StepMotor.o (.text.Set_PWM)
                  00001944    0000013c     libc.a : _printfi.c.obj (.text.fcvt)
                  00001a80    00000120            : _printfi.c.obj (.text._pconv_e)
                  00001ba0    00000118     oled_hardware_i2c.o (.text.OLED_ShowChar)
                  00001cb8    00000110     oled_hardware_i2c.o (.text.OLED_Init)
                  00001dc8    0000010c     libclang_rt.builtins.a : divdf3.S.obj (.text.__divdf3)
                  00001ed4    00000104     driverlib.a : dl_timer.o (.text.DL_Timer_initFourCCPWMMode)
                  00001fd8    000000f8     ti_msp_dl_config.o (.text.SYSCFG_DL_initPower)
                  000020d0    000000f4     Key.o (.text.Key_GetNum)
                  000021c4    000000e8     driverlib.a : dl_timer.o (.text.DL_Timer_initTimerMode)
                  000022ac    000000e4     libclang_rt.builtins.a : muldf3.S.obj (.text.__muldf3)
                  00002390    000000dc     driverlib.a : dl_sysctl_mspm0g1x0x_g3x0x.o (.text.DL_SYSCTL_configSYSPLL)
                  0000246c    000000dc     PID.o (.text.PID_caculate)
                  00002548    000000dc     ti_msp_dl_config.o (.text.SYSCFG_DL_PWM_ALL_init)
                  00002624    000000d8     libc.a : s_scalbn.c.obj (.text.scalbn)
                  000026fc    000000d8     libclang_rt.builtins.a : addsf3.S.obj (.text)
                  000027d4    000000c4     Uart.o (.text.UART0_IRQHandler)
                  00002898    000000c4     Uart.o (.text.UART1_IRQHandler)
                  0000295c    000000a8     StepMotor.o (.text.Calculate_target)
                  00002a04    000000a2     libclang_rt.builtins.a : udivmoddi4.S.obj (.text)
                  00002aa6    00000002     work.o (.text.Timer_work)
                  00002aa8    00000098     oled_hardware_i2c.o (.text.OLED_WR_Byte)
                  00002b40    00000094     work.o (.text.uart_work)
                  00002bd4    00000090     ti_msp_dl_config.o (.text.SYSCFG_DL_PWM_SERVO_init)
                  00002c64    0000008c     libclang_rt.builtins.a : mulsf3.S.obj (.text.__mulsf3)
                  00002cf0    00000084     clock.o (.text.__NVIC_SetPriority)
                  00002d74    00000084     ti_msp_dl_config.o (.text.__NVIC_SetPriority)
                  00002df8    00000082     libclang_rt.builtins.a : divsf3.S.obj (.text.__divsf3)
                  00002e7a    00000002                            : aeabi_div0.c.obj (.text.__aeabi_idiv0)
                  00002e7c    0000007c     libc.a : copy_decompress_lzss.c.obj (.text:decompress:lzss)
                  00002ef8    00000074     libclang_rt.builtins.a : comparedf2.c.obj (.text.__gedf2)
                  00002f6c    00000070     oled_hardware_i2c.o (.text.OLED_ShowString)
                  00002fdc    0000006c     ti_msp_dl_config.o (.text.SYSCFG_DL_PWM_1_init)
                  00003048    0000006a     oled_hardware_i2c.o (.text.OLED_Clear)
                  000030b2    00000002     libclang_rt.builtins.a : aeabi_div0.c.obj (.text.__aeabi_ldiv0)
                  000030b4    00000068     ti_msp_dl_config.o (.text.SYSCFG_DL_ADC12_CCD_init)
                  0000311c    00000068     ti_msp_dl_config.o (.text.SYSCFG_DL_ADC12_VOLTAGE_init)
                  00003184    00000068     libclang_rt.builtins.a : comparedf2.c.obj (.text.__ledf2)
                  000031ec    00000066     libc.a : _printfi.c.obj (.text._mcpy)
                  00003252    00000002            : _lock.c.obj (.text._nop)
                  00003254    00000064     ti_msp_dl_config.o (.text.SYSCFG_DL_PWM_0_init)
                  000032b8    00000064     ti_msp_dl_config.o (.text.SYSCFG_DL_init)
                  0000331c    00000064     work.o (.text.key_work)
                  00003380    00000064     oled_hardware_i2c.o (.text.oled_i2c_sda_unlock)
                  000033e4    00000062     libclang_rt.builtins.a : aeabi_dcmp.S.obj (.text.__aeabi_dcmp)
                  00003446    00000002     --HOLE-- [fill = 0]
                  00003448    00000060     PID.o (.text.Pid_Init)
                  000034a8    00000060     ti_msp_dl_config.o (.text.SYSCFG_DL_UART_0_init)
                  00003508    00000060     ti_msp_dl_config.o (.text.SYSCFG_DL_UART_1_init)
                  00003568    0000005e     driverlib.a : dl_i2c.o (.text.DL_I2C_fillControllerTXFIFO)
                  000035c6    00000002     --HOLE-- [fill = 0]
                  000035c8    0000005c     libc.a : s_frexp.c.obj (.text.frexp)
                  00003624    0000005c     oled_hardware_i2c.o (.text.mspm0_i2c_enable)
                  00003680    0000005c     libc.a : printf.c.obj (.text.printf)
                  000036dc    00000058     ti_msp_dl_config.o (.text.SYSCFG_DL_I2C_MPU6050_init)
                  00003734    00000058     ti_msp_dl_config.o (.text.SYSCFG_DL_I2C_OLED_init)
                  0000378c    00000058     libc.a : _ltoa.c.obj (.text.__TI_ltoa)
                  000037e4    00000058            : _printfi.c.obj (.text._pconv_f)
                  0000383c    00000056     libclang_rt.builtins.a : aeabi_idivmod.S.obj (.text.__aeabi_idivmod)
                  00003892    00000052     libc.a : _printfi.c.obj (.text._ecpy)
                  000038e4    00000050     oled_hardware_i2c.o (.text.DL_I2C_startControllerTransfer)
                  00003934    00000050     clock.o (.text.SysTick_Config)
                  00003984    00000050     Uart.o (.text.fputs)
                  000039d4    0000004c     ti_msp_dl_config.o (.text.DL_ADC12_initSingleSample)
                  00003a20    0000004c     ti_msp_dl_config.o (.text.DL_UART_setBaudRateDivisor)
                  00003a6c    0000004a     ti_msp_dl_config.o (.text.DL_ADC12_configConversionMem)
                  00003ab6    00000002     --HOLE-- [fill = 0]
                  00003ab8    0000004a     libclang_rt.builtins.a : fixdfsi.S.obj (.text.__fixdfsi)
                  00003b02    00000002     --HOLE-- [fill = 0]
                  00003b04    00000048     driverlib.a : dl_uart.o (.text.DL_UART_init)
                  00003b4c    00000048     ti_msp_dl_config.o (.text.SYSCFG_DL_SYSCTL_init)
                  00003b94    00000048     oled_hardware_i2c.o (.text.mspm0_i2c_disable)
                  00003bdc    00000044     driverlib.a : dl_sysctl_mspm0g1x0x_g3x0x.o (.text.DL_SYSCTL_switchMCLKfromSYSOSCtoHSCLK)
                  00003c20    00000040                 : dl_adc12.o (.text.DL_ADC12_setClockConfig)
                  00003c60    00000040     libclang_rt.builtins.a : aeabi_uidivmod.S.obj (.text.__aeabi_uidivmod)
                  00003ca0    00000040     libc.a : atoi.c.obj (.text.atoi)
                  00003ce0    0000003c     oled_hardware_i2c.o (.text.DL_GPIO_initPeripheralInputFunctionFeatures)
                  00003d1c    0000003c     ti_msp_dl_config.o (.text.DL_GPIO_initPeripheralInputFunctionFeatures)
                  00003d58    0000003c     ti_msp_dl_config.o (.text.DL_Timer_setCounterControl)
                  00003d94    0000003c     oled_hardware_i2c.o (.text.OLED_Set_Pos)
                  00003dd0    0000003c     libclang_rt.builtins.a : floatsisf.S.obj (.text.__floatsisf)
                  00003e0c    0000003c     libc.a : autoinit.c.obj (.text:__TI_auto_init_nobinit_nopinit)
                  00003e48    0000003a     libclang_rt.builtins.a : muldsi3.S.obj (.text.__muldsi3)
                  00003e82    00000002     --HOLE-- [fill = 0]
                  00003e84    00000038                            : fixsfsi.S.obj (.text.__fixsfsi)
                  00003ebc    00000038     libc.a : sprintf.c.obj (.text.sprintf)
                  00003ef4    00000034     oled_hardware_i2c.o (.text.DL_GPIO_initDigitalInputFeatures)
                  00003f28    00000034     ti_msp_dl_config.o (.text.DL_GPIO_initDigitalInputFeatures)
                  00003f5c    00000034     ti_msp_dl_config.o (.text.SYSCFG_DL_TIMER_0_init)
                  00003f90    00000030     libc.a : _printfi.c.obj (.text._fcpy)
                  00003fc0    00000030     clock.o (.text.mspm0_delay_ms)
                  00003ff0    0000002c     main.o (.text.__NVIC_EnableIRQ)
                  0000401c    0000002c     libclang_rt.builtins.a : floatsidf.S.obj (.text.__floatsidf)
                  00004048    0000002c     clock.o (.text.mspm0_get_clock_ms)
                  00004074    0000002c     libc.a : strncpy.c.obj (.text.strncpy)
                  000040a0    00000028     oled_hardware_i2c.o (.text.DL_Common_updateReg)
                  000040c8    00000028     ti_msp_dl_config.o (.text.DL_Common_updateReg)
                  000040f0    00000028     ti_msp_dl_config.o (.text.DL_I2C_setControllerRXFIFOThreshold)
                  00004118    00000028     ti_msp_dl_config.o (.text.DL_I2C_setControllerTXFIFOThreshold)
                  00004140    00000028     ti_msp_dl_config.o (.text.DL_UART_setRXFIFOThreshold)
                  00004168    00000028     ti_msp_dl_config.o (.text.DL_UART_setTXFIFOThreshold)
                  00004190    00000028     libc.a : boot_cortex_m.c.obj (.text:_c_int00_noargs)
                  000041b8    00000026     ti_msp_dl_config.o (.text.DL_I2C_setAnalogGlitchFilterPulseWidth)
                  000041de    00000026     driverlib.a : dl_i2c.o (.text.DL_I2C_setClockConfig)
                  00004204    00000024     adc.o (.text.ADC1_IRQHandler)
                  00004228    00000024     Delay.o (.text.Delay_ms)
                  0000424c    00000024     libclang_rt.builtins.a : muldi3.S.obj (.text.__muldi3)
                  00004270    00000022     libc.a : memccpy.c.obj (.text.memccpy)
                  00004292    00000002     --HOLE-- [fill = 0]
                  00004294    00000020     CCD.o (.text.ADC0_IRQHandler)
                  000042b4    00000020     ti_msp_dl_config.o (.text.DL_GPIO_initPeripheralInputFunction)
                  000042d4    00000020     ti_msp_dl_config.o (.text.DL_SYSCTL_setFlashWaitState)
                  000042f4    00000020     driverlib.a : dl_uart.o (.text.DL_UART_transmitDataBlocking)
                  00004314    0000001e     ti_msp_dl_config.o (.text.DL_UART_setOversampling)
                  00004332    00000002     --HOLE-- [fill = 0]
                  00004334    0000001e     libclang_rt.builtins.a : ashldi3.S.obj (.text.__ashldi3)
                  00004352    00000002     --HOLE-- [fill = 0]
                  00004354    0000001c     ti_msp_dl_config.o (.text.DL_ADC12_clearInterruptStatus)
                  00004370    0000001c     ti_msp_dl_config.o (.text.DL_ADC12_enableInterrupt)
                  0000438c    0000001c     ti_msp_dl_config.o (.text.DL_GPIO_clearInterruptStatus)
                  000043a8    0000001c     oled_hardware_i2c.o (.text.DL_GPIO_enableHiZ)
                  000043c4    0000001c     ti_msp_dl_config.o (.text.DL_GPIO_enableHiZ)
                  000043e0    0000001c     ti_msp_dl_config.o (.text.DL_GPIO_enableInterrupt)
                  000043fc    0000001c     ti_msp_dl_config.o (.text.DL_GPIO_initPeripheralOutputFunction)
                  00004418    0000001c     ti_msp_dl_config.o (.text.DL_GPIO_setLowerPinsPolarity)
                  00004434    0000001c     oled_hardware_i2c.o (.text.DL_I2C_getSDAStatus)
                  00004450    0000001c     ti_msp_dl_config.o (.text.DL_SYSCTL_setSYSOSCFreq)
                  0000446c    0000001c     ti_msp_dl_config.o (.text.DL_SYSCTL_setULPCLKDivider)
                  00004488    0000001c     ti_msp_dl_config.o (.text.DL_Timer_enableInterrupt)
                  000044a4    0000001c     driverlib.a : dl_timer.o (.text.DL_Timer_setCaptCompUpdateMethod)
                  000044c0    0000001c                 : dl_timer.o (.text.DL_Timer_setClockConfig)
                  000044dc    0000001c     ti_msp_dl_config.o (.text.DL_UART_enableInterrupt)
                  000044f8    0000001c     Uart.o (.text.fputc)
                  00004514    00000018     ti_msp_dl_config.o (.text.DL_ADC12_enablePower)
                  0000452c    00000018     ti_msp_dl_config.o (.text.DL_ADC12_reset)
                  00004544    00000018     ti_msp_dl_config.o (.text.DL_ADC12_setSampleTime0)
                  0000455c    00000018     oled_hardware_i2c.o (.text.DL_GPIO_enableOutput)
                  00004574    00000018     ti_msp_dl_config.o (.text.DL_GPIO_enableOutput)
                  0000458c    00000018     ti_msp_dl_config.o (.text.DL_GPIO_enablePower)
                  000045a4    00000018     oled_hardware_i2c.o (.text.DL_GPIO_initDigitalOutput)
                  000045bc    00000018     ti_msp_dl_config.o (.text.DL_GPIO_initDigitalOutput)
                  000045d4    00000018     ti_msp_dl_config.o (.text.DL_GPIO_reset)
                  000045ec    00000018     LED.o (.text.DL_GPIO_setPins)
                  00004604    00000018     StepMotor.o (.text.DL_GPIO_setPins)
                  0000461c    00000018     oled_hardware_i2c.o (.text.DL_GPIO_setPins)
                  00004634    00000018     ti_msp_dl_config.o (.text.DL_GPIO_setUpperPinsPolarity)
                  0000464c    00000018     oled_hardware_i2c.o (.text.DL_I2C_clearInterruptStatus)
                  00004664    00000018     ti_msp_dl_config.o (.text.DL_I2C_enableAnalogGlitchFilter)
                  0000467c    00000018     ti_msp_dl_config.o (.text.DL_I2C_enableController)
                  00004694    00000018     ti_msp_dl_config.o (.text.DL_I2C_enableControllerClockStretching)
                  000046ac    00000018     oled_hardware_i2c.o (.text.DL_I2C_enablePower)
                  000046c4    00000018     ti_msp_dl_config.o (.text.DL_I2C_enablePower)
                  000046dc    00000018     oled_hardware_i2c.o (.text.DL_I2C_getRawInterruptStatus)
                  000046f4    00000018     oled_hardware_i2c.o (.text.DL_I2C_reset)
                  0000470c    00000018     ti_msp_dl_config.o (.text.DL_I2C_reset)
                  00004724    00000018     ti_msp_dl_config.o (.text.DL_I2C_setTimerPeriod)
                  0000473c    00000018     ti_msp_dl_config.o (.text.DL_SYSCTL_setBORThreshold)
                  00004754    00000018     ti_msp_dl_config.o (.text.DL_Timer_enablePower)
                  0000476c    00000018     ti_msp_dl_config.o (.text.DL_Timer_reset)
                  00004784    00000018     driverlib.a : dl_timer.o (.text.DL_Timer_setCaptureCompareOutCtl)
                  0000479c    00000018     StepMotor.o (.text.DL_Timer_setLoadValue)
                  000047b4    00000018     main.o (.text.DL_Timer_startCounter)
                  000047cc    00000018     ti_msp_dl_config.o (.text.DL_UART_enableFIFOs)
                  000047e4    00000018     ti_msp_dl_config.o (.text.DL_UART_enablePower)
                  000047fc    00000018     ti_msp_dl_config.o (.text.DL_UART_reset)
                  00004814    00000018     clock.o (.text.SysTick_Init)
                  0000482c    00000018     libc.a : sprintf.c.obj (.text._outs)
                  00004844    00000016     ti_msp_dl_config.o (.text.DL_ADC12_enableConversions)
                  0000485a    00000016     Key.o (.text.DL_GPIO_readPins)
                  00004870    00000016     oled_hardware_i2c.o (.text.DL_GPIO_readPins)
                  00004886    00000016     ti_msp_dl_config.o (.text.DL_UART_enable)
                  0000489c    00000014     LED.o (.text.BUZZER_OFF)
                  000048b0    00000014     LED.o (.text.DL_GPIO_clearPins)
                  000048c4    00000014     StepMotor.o (.text.DL_GPIO_clearPins)
                  000048d8    00000014     oled_hardware_i2c.o (.text.DL_GPIO_clearPins)
                  000048ec    00000014     ti_msp_dl_config.o (.text.DL_GPIO_clearPins)
                  00004900    00000014     oled_hardware_i2c.o (.text.DL_I2C_getControllerStatus)
                  00004914    00000014     ti_msp_dl_config.o (.text.DL_I2C_resetControllerTransfer)
                  00004928    00000014     ti_msp_dl_config.o (.text.DL_SYSCTL_disableSYSPLL)
                  0000493c    00000014     ti_msp_dl_config.o (.text.DL_Timer_enableClock)
                  00004950    00000014     ti_msp_dl_config.o (.text.DL_Timer_setCCPDirection)
                  00004964    00000014     Uart.o (.text.DL_UART_receiveData)
                  00004978    00000014     LED.o (.text.LED1_OFF)
                  0000498c    00000014     LED.o (.text.LED2_OFF)
                  000049a0    00000014     LED.o (.text.LED2_ON)
                  000049b4    00000014     libclang_rt.builtins.a : aeabi_uldivmod.S.obj (.text.__aeabi_uldivmod)
                  000049c8    00000014     libc.a : _printfi.c.obj (.text.strchr)
                  000049dc    00000012     CCD.o (.text.DL_ADC12_getPendingInterrupt)
                  000049ee    00000012     adc.o (.text.DL_ADC12_getPendingInterrupt)
                  00004a00    00000012     Uart.o (.text.DL_UART_getPendingInterrupt)
                  00004a12    00000012     driverlib.a : dl_uart.o (.text.DL_UART_setClockConfig)
                  00004a24    00000012     libc.a : memcpy16.S.obj (.text:TI_memcpy_small)
                  00004a36    00000012            : copy_decompress_none.c.obj (.text:decompress:none)
                  00004a48    00000010     ti_msp_dl_config.o (.text.DL_SYSCTL_disableHFXT)
                  00004a58    00000010     driverlib.a : dl_timer.o (.text.DL_Timer_setCaptureCompareValue)
                  00004a68    00000010     main.o (.text.SysTick_Handler)
                  00004a78    00000010     oled_hardware_i2c.o (.text.delay_ms)
                  00004a88    00000010     libc.a : wcslen.c.obj (.text.wcslen)
                  00004a98    00000010            : copy_zero_init.c.obj (.text:decompress:ZI)
                  00004aa8    0000000e     libclang_rt.builtins.a : aeabi_memset.S.obj (.text.__aeabi_memset)
                  00004ab6    0000000e     libc.a : _printfi.c.obj (.text.strlen)
                  00004ac4    0000000e            : strlen.c.obj (.text.strlen)
                  00004ad2    0000000e            : memset16.S.obj (.text:TI_memset_small)
                  00004ae0    0000000c     libclang_rt.builtins.a : aeabi_memset.S.obj (.text.__aeabi_memclr)
                  00004aec    0000000a     driverlib.a : dl_common.o (.text.DL_Common_delayCycles)
                  00004af6    0000000a     libc.a : _printfi.c.obj (.text.OUTLINED_FUNCTION_0)
                  00004b00    00000010     libclang_rt.builtins.a : adddf3.S.obj (.tramp.__aeabi_dsub.1)
                  00004b10    0000000a     libc.a : _printfi.c.obj (.text.OUTLINED_FUNCTION_1)
                  00004b1a    0000000a            : sprintf.c.obj (.text._outc)
                  00004b24    00000008            : aeabi_portable.c.obj (.text.__aeabi_errno_addr)
                  00004b2c    00000008     libclang_rt.builtins.a : aeabi_memcpy.S.obj (.text.__aeabi_memcpy)
                  00004b34    00000008     libc.a : printf.c.obj (.text._outc)
                  00004b3c    00000008            : printf.c.obj (.text._outs)
                  00004b44    00000006            : exit.c.obj (.text:abort)
                  00004b4a    00000004     startup_mspm0g350x_ticlang.o (.text.Default_Handler)
                  00004b4e    00000004     libsysbm.a : hostexit.c.obj (.text.HOSTexit)
                  00004b52    00000004     startup_mspm0g350x_ticlang.o (.text.Reset_Handler)
                  00004b56    00000002     --HOLE-- [fill = 0]
                  00004b58    00000010     libc.a : boot_cortex_m.c.obj (.tramp._c_int00_noargs.1)
                  00004b68    00000004            : pre_init.c.obj (.text._system_pre_init)
                  00004b6c    00000004     --HOLE-- [fill = 0]

.cinit     0    000055a0    00000050     
                  000055a0    0000002c     (.cinit..data.load) [load image, compression = lzss]
                  000055cc    0000000c     (__TI_handler_table)
                  000055d8    00000008     (.cinit..bss.load) [load image, compression = zero_init]
                  000055e0    00000010     (__TI_cinit_table)

.rodata    0    00004b70    00000a30     
                  00004b70    000005f0     oled_hardware_i2c.o (.rodata.asc2_1608)
                  00005160    00000228     oled_hardware_i2c.o (.rodata.asc2_0806)
                  00005388    00000008     ti_msp_dl_config.o (.rodata.gADC12_CCDClockConfig)
                  00005390    00000101     libc.a : aeabi_ctype.S.obj (.rodata:__aeabi_ctype_table_)
                  00005491    00000003     ti_msp_dl_config.o (.rodata.gPWM_0ClockConfig)
                  00005494    00000028     ti_msp_dl_config.o (.rodata.gSYSPLLConfig)
                  000054bc    00000017     work.o (.rodata.str1.10192223797158612953.1)
                  000054d3    00000001     --HOLE-- [fill = 0]
                  000054d4    00000014     ti_msp_dl_config.o (.rodata.gTIMER_0TimerConfig)
                  000054e8    00000011     libc.a : _printfi.c.obj (.rodata.str1.10348868589481759720.1)
                  000054f9    00000011            : _printfi.c.obj (.rodata.str1.15363888844622738466.1)
                  0000550a    00000010     work.o (.rodata.str1.10311801736419914659.1)
                  0000551a    0000000a     ti_msp_dl_config.o (.rodata.gUART_0Config)
                  00005524    0000000a     ti_msp_dl_config.o (.rodata.gUART_1Config)
                  0000552e    00000002     ti_msp_dl_config.o (.rodata.gI2C_MPU6050ClockConfig)
                  00005530    00000008     ti_msp_dl_config.o (.rodata.gADC12_VOLTAGEClockConfig)
                  00005538    00000008     ti_msp_dl_config.o (.rodata.gPWM_0Config)
                  00005540    00000008     ti_msp_dl_config.o (.rodata.gPWM_1Config)
                  00005548    00000008     ti_msp_dl_config.o (.rodata.gPWM_ALLConfig)
                  00005550    00000008     ti_msp_dl_config.o (.rodata.gPWM_SERVOConfig)
                  00005558    00000007     work.o (.rodata.str1.3688673737632279305.1)
                  0000555f    00000007     work.o (.rodata.str1.6526123029652748083.1)
                  00005566    00000006     work.o (.rodata.str1.17011438367299538705.1)
                  0000556c    00000006     work.o (.rodata.str1.5873103093414485774.1)
                  00005572    00000005     work.o (.rodata.str1.15831809244841268870.1)
                  00005577    00000005     work.o (.rodata.str1.3875483386851652227.1)
                  0000557c    00000004     work.o (.rodata.str1.12338511403098153155.1)
                  00005580    00000004     work.o (.rodata.str1.4657317548580995441.1)
                  00005584    00000004     work.o (.rodata.str1.8661247414147318658.1)
                  00005588    00000003     ti_msp_dl_config.o (.rodata.gPWM_1ClockConfig)
                  0000558b    00000003     ti_msp_dl_config.o (.rodata.gPWM_ALLClockConfig)
                  0000558e    00000003     ti_msp_dl_config.o (.rodata.gPWM_SERVOClockConfig)
                  00005591    00000003     ti_msp_dl_config.o (.rodata.gTIMER_0ClockConfig)
                  00005594    00000002     ti_msp_dl_config.o (.rodata.gI2C_OLEDClockConfig)
                  00005596    00000002     ti_msp_dl_config.o (.rodata.gUART_0ClockConfig)
                  00005598    00000002     ti_msp_dl_config.o (.rodata.gUART_1ClockConfig)
                  0000559a    00000006     --HOLE-- [fill = 0]

.init_array 
*          0    00000000    00000000     UNINITIALIZED

.binit     0    00000000    00000000     

.bss       0    20200000    00000440     UNINITIALIZED
                  20200000    000000bc     (.common:gPWM_0Backup)
                  202000bc    000000bc     (.common:gPWM_ALLBackup)
                  20200178    000000a0     (.common:gPWM_1Backup)
                  20200218    000000a0     (.common:gPWM_SERVOBackup)
                  202002b8    00000064     (.common:Serial_RxPacket)
                  2020031c    00000004     (.common:L_PWM)
                  20200320    00000048     (.common:x_stepPid)
                  20200368    00000048     (.common:y_stepPid)
                  202003b0    00000040     (.common:Motor)
                  202003f0    00000020     (.common:oled_buffer)
                  20200410    00000014     (.common:Tick)
                  20200424    00000004     (.common:R_PWM)
                  20200428    00000004     (.common:start_time)
                  2020042c    00000004     (.common:tick_ms)
                  20200430    00000004     (.common:time_x)
                  20200434    00000002     (.common:x_buchang)
                  20200436    00000002     (.common:x_site)
                  20200438    00000002     (.common:y_site)
                  2020043a    00000001     (.common:Serial_RxFlag)
                  2020043b    00000001     (.common:clear_flag)
                  2020043c    00000001     (.common:gCheckADC)
                  2020043d    00000001     (.common:keycnt)
                  2020043e    00000001     (.common:keynum)
                  2020043f    00000001     (.common:mode)

.data      0    20200440    00000100     UNINITIALIZED
                  20200440    000000f0     libc.a : defs.c.obj (.data._ftable)
                  20200530    00000004            : aeabi_portable.c.obj (.data.__aeabi_errno)
                  20200534    00000004            : _lock.c.obj (.data._lock)
                  20200538    00000004            : _lock.c.obj (.data._unlock)
                  2020053c    00000001     Uart.o (.data.UART0_IRQHandler.RxState)
                  2020053d    00000001     Uart.o (.data.UART0_IRQHandler.pRxPacket)
                  2020053e    00000001     Uart.o (.data.UART1_IRQHandler.RxState)
                  2020053f    00000001     Uart.o (.data.UART1_IRQHandler.pRxPacket)

.stack     0    20207e00    00000200     UNINITIALIZED
                  20207e00    00000004     libc.a : boot_cortex_m.c.obj (.stack)
                  20207e04    000001fc     --HOLE--

__llvm_prf_cnts 
*          0    20200000    00000000     UNINITIALIZED

__llvm_prf_bits 
*          0    20200000    00000000     UNINITIALIZED

MODULE SUMMARY

       Module                         code    ro data   rw data
       ------                         ----    -------   -------
    .\
       ti_msp_dl_config.o             4086    151       696    
       main.o                         952     0         282    
       startup_mspm0g350x_ticlang.o   8       192       0      
    +--+------------------------------+-------+---------+---------+
       Total:                         5046    343       978    
                                                               
    .\Drivers\MSPM0\
       work.o                         690     87        0      
       Uart.o                         538     0         105    
       StepMotor.o                    612     0         0      
       clock.o                        328     0         8      
       PID.o                          316     0         0      
       Key.o                          266     0         0      
       LED.o                          124     0         0      
       adc.o                          54      0         0      
       CCD.o                          50      0         1      
       Delay.o                        36      0         0      
       Motor.o                        2       0         0      
    +--+------------------------------+-------+---------+---------+
       Total:                         3016    87        114    
                                                               
    .\Drivers\OLED_Hardware_I2C\
       oled_hardware_i2c.o            1780    2072      0      
    +--+------------------------------+-------+---------+---------+
       Total:                         1780    2072      0      
                                                               
    C:/ti/mspm0_sdk_2_04_00_06/source/ti/driverlib/lib/ticlang/m0p/mspm0g1x0x_g3x0x/driverlib.a
       dl_timer.o                     588     0         0      
       dl_sysctl_mspm0g1x0x_g3x0x.o   288     0         0      
       dl_i2c.o                       132     0         0      
       dl_uart.o                      122     0         0      
       dl_adc12.o                     64      0         0      
       dl_common.o                    10      0         0      
    +--+------------------------------+-------+---------+---------+
       Total:                         1204    0         0      
                                                               
    C:\ti\ccs2011\ccs\tools\compiler\ti-cgt-armllvm_4.0.3.LTS\lib\armv6m-ti-none-eabi/c/libc.a
       _printfi.c.obj                 4510    34        0      
       aeabi_ctype.S.obj              0       257       0      
       defs.c.obj                     0       0         240    
       s_scalbn.c.obj                 216     0         0      
       copy_decompress_lzss.c.obj     124     0         0      
       printf.c.obj                   108     0         0      
       s_frexp.c.obj                  92      0         0      
       sprintf.c.obj                  90      0         0      
       _ltoa.c.obj                    88      0         0      
       atoi.c.obj                     64      0         0      
       autoinit.c.obj                 60      0         0      
       boot_cortex_m.c.obj            56      0         0      
       strncpy.c.obj                  44      0         0      
       memccpy.c.obj                  34      0         0      
       copy_decompress_none.c.obj     18      0         0      
       memcpy16.S.obj                 18      0         0      
       copy_zero_init.c.obj           16      0         0      
       wcslen.c.obj                   16      0         0      
       memset16.S.obj                 14      0         0      
       strlen.c.obj                   14      0         0      
       aeabi_portable.c.obj           8       0         4      
       _lock.c.obj                    2       0         8      
       exit.c.obj                     6       0         0      
       pre_init.c.obj                 4       0         0      
    +--+------------------------------+-------+---------+---------+
       Total:                         5602    291       252    
                                                               
    C:\ti\ccs2011\ccs\tools\compiler\ti-cgt-armllvm_4.0.3.LTS\lib\armv6m-ti-none-eabi/c/libsysbm.a
       hostexit.c.obj                 4       0         0      
    +--+------------------------------+-------+---------+---------+
       Total:                         4       0         0      
                                                               
    C:\ti\ccs2011\ccs\tools\compiler\ti-cgt-armllvm_4.0.3.LTS\lib\armv6m-ti-none-eabi/libclang_rt.builtins.a
       adddf3.S.obj                   418     0         0      
       divdf3.S.obj                   268     0         0      
       muldf3.S.obj                   228     0         0      
       comparedf2.c.obj               220     0         0      
       addsf3.S.obj                   216     0         0      
       udivmoddi4.S.obj               162     0         0      
       mulsf3.S.obj                   140     0         0      
       divsf3.S.obj                   130     0         0      
       aeabi_dcmp.S.obj               98      0         0      
       aeabi_idivmod.S.obj            86      0         0      
       fixdfsi.S.obj                  74      0         0      
       aeabi_uidivmod.S.obj           64      0         0      
       floatsisf.S.obj                60      0         0      
       muldsi3.S.obj                  58      0         0      
       fixsfsi.S.obj                  56      0         0      
       floatsidf.S.obj                44      0         0      
       muldi3.S.obj                   36      0         0      
       ashldi3.S.obj                  30      0         0      
       aeabi_memset.S.obj             26      0         0      
       aeabi_uldivmod.S.obj           20      0         0      
       aeabi_memcpy.S.obj             8       0         0      
       aeabi_div0.c.obj               4       0         0      
    +--+------------------------------+-------+---------+---------+
       Total:                         2446    0         0      
                                                               
       Stack:                         0       0         512    
       Linker Generated:              0       80        0      
    +--+------------------------------+-------+---------+---------+
       Grand Total:                   19098   2873      1856   


LINKER GENERATED COPY TABLES

__TI_cinit_table @ 000055e0 records: 2, size/record: 8, table size: 16
	.data: load addr=000055a0, load size=0000002c bytes, run addr=20200440, run size=00000100 bytes, compression=lzss
	.bss: load addr=000055d8, load size=00000008 bytes, run addr=20200000, run size=00000440 bytes, compression=zero_init


LINKER GENERATED HANDLER TABLE

__TI_handler_table @ 000055cc records: 3, size/record: 4, table size: 12
	index: 0, handler: __TI_decompress_lzss
	index: 1, handler: __TI_decompress_none
	index: 2, handler: __TI_zero_init


FAR CALL TRAMPOLINES

callee name               trampoline name
   callee addr  tramp addr   call addr  call info
--------------  -----------  ---------  ----------------
__aeabi_dsub              $Tramp$TT$L$PI$$__aeabi_dsub
   00001639     00004b00     00004afe   libc.a : _printfi.c.obj (.text.OUTLINED_FUNCTION_0)
_c_int00_noargs           $Tramp$TT$L$PI$$_c_int00_noargs
   00004191     00004b58     00004b52   startup_mspm0g350x_ticlang.o (.text.Reset_Handler)

[2 trampolines]
[2 trampoline calls]


GLOBAL SYMBOLS: SORTED ALPHABETICALLY BY Name 

address   name                                 
-------   ----                                 
00004295  ADC0_IRQHandler                      
00004205  ADC1_IRQHandler                      
00004b4b  AES_IRQHandler                       
0000489d  BUZZER_OFF                           
00004b4e  C$$EXIT                              
00004b4b  CANFD0_IRQHandler                    
0000295d  Calculate_target                     
00004b4b  DAC0_IRQHandler                      
00003c21  DL_ADC12_setClockConfig              
00004aed  DL_Common_delayCycles                
00003569  DL_I2C_fillControllerTXFIFO          
000041df  DL_I2C_setClockConfig                
00002391  DL_SYSCTL_configSYSPLL               
00003bdd  DL_SYSCTL_switchMCLKfromSYSOSCtoHSCLK
00001ed5  DL_Timer_initFourCCPWMMode           
000021c5  DL_Timer_initTimerMode               
000044a5  DL_Timer_setCaptCompUpdateMethod     
00004785  DL_Timer_setCaptureCompareOutCtl     
00004a59  DL_Timer_setCaptureCompareValue      
000044c1  DL_Timer_setClockConfig              
00003b05  DL_UART_init                         
00004a13  DL_UART_setClockConfig               
000042f5  DL_UART_transmitDataBlocking         
00004b4b  DMA_IRQHandler                       
00004b4b  Default_Handler                      
00004229  Delay_ms                             
00004b4b  GROUP0_IRQHandler                    
000017cb  GROUP1_IRQHandler                    
00004b4f  HOSTexit                             
00004b4b  HardFault_Handler                    
00004b4b  I2C0_IRQHandler                      
00004b4b  I2C1_IRQHandler                      
000020d1  Key_GetNum                           
00004979  LED1_OFF                             
0000498d  LED2_OFF                             
000049a1  LED2_ON                              
2020031c  L_PWM                                
202003b0  Motor                                
00004b4b  NMI_Handler                          
00003049  OLED_Clear                           
00001cb9  OLED_Init                            
00003d95  OLED_Set_Pos                         
00001ba1  OLED_ShowChar                        
00002f6d  OLED_ShowString                      
00002aa9  OLED_WR_Byte                         
0000246d  PID_caculate                         
00004b4b  PendSV_Handler                       
00003449  Pid_Init                             
00004b4b  RTC_IRQHandler                       
20200424  R_PWM                                
00004b53  Reset_Handler                        
00004b4b  SPI0_IRQHandler                      
00004b4b  SPI1_IRQHandler                      
00004b4b  SVC_Handler                          
000030b5  SYSCFG_DL_ADC12_CCD_init             
0000311d  SYSCFG_DL_ADC12_VOLTAGE_init         
00000a91  SYSCFG_DL_GPIO_init                  
000036dd  SYSCFG_DL_I2C_MPU6050_init           
00003735  SYSCFG_DL_I2C_OLED_init              
00003255  SYSCFG_DL_PWM_0_init                 
00002fdd  SYSCFG_DL_PWM_1_init                 
00002549  SYSCFG_DL_PWM_ALL_init               
00002bd5  SYSCFG_DL_PWM_SERVO_init             
00003b4d  SYSCFG_DL_SYSCTL_init                
00003f5d  SYSCFG_DL_TIMER_0_init               
000034a9  SYSCFG_DL_UART_0_init                
00003509  SYSCFG_DL_UART_1_init                
000032b9  SYSCFG_DL_init                       
00001fd9  SYSCFG_DL_initPower                  
2020043a  Serial_RxFlag                        
202002b8  Serial_RxPacket                      
000017cd  Set_PWM                              
00004a69  SysTick_Handler                      
00004815  SysTick_Init                         
00004b4b  TIMA0_IRQHandler                     
00004b4b  TIMA1_IRQHandler                     
0000111d  TIMG0_IRQHandler                     
00004b4b  TIMG12_IRQHandler                    
00004b4b  TIMG6_IRQHandler                     
00004b4b  TIMG7_IRQHandler                     
00004b4b  TIMG8_IRQHandler                     
00004a25  TI_memcpy_small                      
00004ad3  TI_memset_small                      
20200410  Tick                                 
00002aa7  Timer_work                           
000027d5  UART0_IRQHandler                     
00002899  UART1_IRQHandler                     
00004b4b  UART2_IRQHandler                     
00004b4b  UART3_IRQHandler                     
20208000  __STACK_END                          
00000200  __STACK_SIZE                         
00000000  __TI_ATRegion0_region_sz             
00000000  __TI_ATRegion0_src_addr              
00000000  __TI_ATRegion0_trg_addr              
00000000  __TI_ATRegion1_region_sz             
00000000  __TI_ATRegion1_src_addr              
00000000  __TI_ATRegion1_trg_addr              
00000000  __TI_ATRegion2_region_sz             
00000000  __TI_ATRegion2_src_addr              
00000000  __TI_ATRegion2_trg_addr              
000055e0  __TI_CINIT_Base                      
000055f0  __TI_CINIT_Limit                     
000055f0  __TI_CINIT_Warm                      
000055cc  __TI_Handler_Table_Base              
000055d8  __TI_Handler_Table_Limit             
00003e0d  __TI_auto_init_nobinit_nopinit       
00002e7d  __TI_decompress_lzss                 
00004a37  __TI_decompress_none                 
0000378d  __TI_ltoa                            
ffffffff  __TI_pprof_out_hndl                  
000000c1  __TI_printfi                         
ffffffff  __TI_prof_data_size                  
ffffffff  __TI_prof_data_start                 
00000000  __TI_static_base__                   
00004a99  __TI_zero_init                       
00001643  __adddf3                             
00002707  __addsf3                             
00005390  __aeabi_ctype_table_                 
00005390  __aeabi_ctype_table_C                
00003ab9  __aeabi_d2iz                         
00001643  __aeabi_dadd                         
000033e5  __aeabi_dcmpeq                       
00003421  __aeabi_dcmpge                       
00003435  __aeabi_dcmpgt                       
0000340d  __aeabi_dcmple                       
000033f9  __aeabi_dcmplt                       
00001dc9  __aeabi_ddiv                         
000022ad  __aeabi_dmul                         
00001639  __aeabi_dsub                         
20200530  __aeabi_errno                        
00004b25  __aeabi_errno_addr                   
00003e85  __aeabi_f2iz                         
00002707  __aeabi_fadd                         
00002df9  __aeabi_fdiv                         
00002c65  __aeabi_fmul                         
000026fd  __aeabi_fsub                         
0000401d  __aeabi_i2d                          
00003dd1  __aeabi_i2f                          
0000383d  __aeabi_idiv                         
00002e7b  __aeabi_idiv0                        
0000383d  __aeabi_idivmod                      
000030b3  __aeabi_ldiv0                        
00004335  __aeabi_llsl                         
0000424d  __aeabi_lmul                         
00004ae1  __aeabi_memclr                       
00004ae1  __aeabi_memclr4                      
00004ae1  __aeabi_memclr8                      
00004b2d  __aeabi_memcpy                       
00004b2d  __aeabi_memcpy4                      
00004b2d  __aeabi_memcpy8                      
00004aa9  __aeabi_memset                       
00004aa9  __aeabi_memset4                      
00004aa9  __aeabi_memset8                      
00003c61  __aeabi_uidiv                        
00003c61  __aeabi_uidivmod                     
000049b5  __aeabi_uldivmod                     
00004335  __ashldi3                            
ffffffff  __binit__                            
00003185  __cmpdf2                             
00001dc9  __divdf3                             
00002df9  __divsf3                             
00003185  __eqdf2                              
00003ab9  __fixdfsi                            
00003e85  __fixsfsi                            
0000401d  __floatsidf                          
00003dd1  __floatsisf                          
00002ef9  __gedf2                              
00002ef9  __gtdf2                              
00003185  __ledf2                              
00003185  __ltdf2                              
UNDEFED   __mpu_init                           
000022ad  __muldf3                             
0000424d  __muldi3                             
00003e49  __muldsi3                            
00002c65  __mulsf3                             
00003185  __nedf2                              
20207e00  __stack                              
20200000  __start___llvm_prf_bits              
20200000  __start___llvm_prf_cnts              
20200000  __stop___llvm_prf_bits               
20200000  __stop___llvm_prf_cnts               
00001639  __subdf3                             
000026fd  __subsf3                             
00002a05  __udivmoddi4                         
00004191  _c_int00_noargs                      
20200440  _ftable                              
20200534  _lock                                
00003253  _nop                                 
UNDEFED   _system_post_cinit                   
00004b69  _system_pre_init                     
20200538  _unlock                              
00004b45  abort                                
00005160  asc2_0806                            
00004b70  asc2_1608                            
00003ca1  atoi                                 
ffffffff  binit                                
2020043b  clear_flag                           
00004a79  delay_ms                             
000044f9  fputc                                
00003985  fputs                                
000035c9  frexp                                
000035c9  frexpl                               
2020043c  gCheckADC                            
20200000  gPWM_0Backup                         
20200178  gPWM_1Backup                         
202000bc  gPWM_ALLBackup                       
20200218  gPWM_SERVOBackup                     
00000000  interruptVectors                     
0000331d  key_work                             
2020043d  keycnt                               
2020043e  keynum                               
00002625  ldexp                                
00002625  ldexpl                               
00001491  main                                 
00004271  memccpy                              
2020043f  mode                                 
00003fc1  mspm0_delay_ms                       
00004049  mspm0_get_clock_ms                   
202003f0  oled_buffer                          
00003381  oled_i2c_sda_unlock                  
000012d9  oled_show                            
00003681  printf                               
00002625  scalbn                               
00002625  scalbnl                              
00003ebd  sprintf                              
20200428  start_time                           
00004ac5  strlen                               
00004075  strncpy                              
2020042c  tick_ms                              
20200430  time_x                               
00002b41  uart_work                            
00004a89  wcslen                               
20200434  x_buchang                            
20200436  x_site                               
20200320  x_stepPid                            
20200438  y_site                               
20200368  y_stepPid                            


GLOBAL SYMBOLS: SORTED BY Symbol Address 

address   name                                 
-------   ----                                 
00000000  __TI_ATRegion0_region_sz             
00000000  __TI_ATRegion0_src_addr              
00000000  __TI_ATRegion0_trg_addr              
00000000  __TI_ATRegion1_region_sz             
00000000  __TI_ATRegion1_src_addr              
00000000  __TI_ATRegion1_trg_addr              
00000000  __TI_ATRegion2_region_sz             
00000000  __TI_ATRegion2_src_addr              
00000000  __TI_ATRegion2_trg_addr              
00000000  __TI_static_base__                   
00000000  interruptVectors                     
000000c1  __TI_printfi                         
00000200  __STACK_SIZE                         
00000a91  SYSCFG_DL_GPIO_init                  
0000111d  TIMG0_IRQHandler                     
000012d9  oled_show                            
00001491  main                                 
00001639  __aeabi_dsub                         
00001639  __subdf3                             
00001643  __adddf3                             
00001643  __aeabi_dadd                         
000017cb  GROUP1_IRQHandler                    
000017cd  Set_PWM                              
00001ba1  OLED_ShowChar                        
00001cb9  OLED_Init                            
00001dc9  __aeabi_ddiv                         
00001dc9  __divdf3                             
00001ed5  DL_Timer_initFourCCPWMMode           
00001fd9  SYSCFG_DL_initPower                  
000020d1  Key_GetNum                           
000021c5  DL_Timer_initTimerMode               
000022ad  __aeabi_dmul                         
000022ad  __muldf3                             
00002391  DL_SYSCTL_configSYSPLL               
0000246d  PID_caculate                         
00002549  SYSCFG_DL_PWM_ALL_init               
00002625  ldexp                                
00002625  ldexpl                               
00002625  scalbn                               
00002625  scalbnl                              
000026fd  __aeabi_fsub                         
000026fd  __subsf3                             
00002707  __addsf3                             
00002707  __aeabi_fadd                         
000027d5  UART0_IRQHandler                     
00002899  UART1_IRQHandler                     
0000295d  Calculate_target                     
00002a05  __udivmoddi4                         
00002aa7  Timer_work                           
00002aa9  OLED_WR_Byte                         
00002b41  uart_work                            
00002bd5  SYSCFG_DL_PWM_SERVO_init             
00002c65  __aeabi_fmul                         
00002c65  __mulsf3                             
00002df9  __aeabi_fdiv                         
00002df9  __divsf3                             
00002e7b  __aeabi_idiv0                        
00002e7d  __TI_decompress_lzss                 
00002ef9  __gedf2                              
00002ef9  __gtdf2                              
00002f6d  OLED_ShowString                      
00002fdd  SYSCFG_DL_PWM_1_init                 
00003049  OLED_Clear                           
000030b3  __aeabi_ldiv0                        
000030b5  SYSCFG_DL_ADC12_CCD_init             
0000311d  SYSCFG_DL_ADC12_VOLTAGE_init         
00003185  __cmpdf2                             
00003185  __eqdf2                              
00003185  __ledf2                              
00003185  __ltdf2                              
00003185  __nedf2                              
00003253  _nop                                 
00003255  SYSCFG_DL_PWM_0_init                 
000032b9  SYSCFG_DL_init                       
0000331d  key_work                             
00003381  oled_i2c_sda_unlock                  
000033e5  __aeabi_dcmpeq                       
000033f9  __aeabi_dcmplt                       
0000340d  __aeabi_dcmple                       
00003421  __aeabi_dcmpge                       
00003435  __aeabi_dcmpgt                       
00003449  Pid_Init                             
000034a9  SYSCFG_DL_UART_0_init                
00003509  SYSCFG_DL_UART_1_init                
00003569  DL_I2C_fillControllerTXFIFO          
000035c9  frexp                                
000035c9  frexpl                               
00003681  printf                               
000036dd  SYSCFG_DL_I2C_MPU6050_init           
00003735  SYSCFG_DL_I2C_OLED_init              
0000378d  __TI_ltoa                            
0000383d  __aeabi_idiv                         
0000383d  __aeabi_idivmod                      
00003985  fputs                                
00003ab9  __aeabi_d2iz                         
00003ab9  __fixdfsi                            
00003b05  DL_UART_init                         
00003b4d  SYSCFG_DL_SYSCTL_init                
00003bdd  DL_SYSCTL_switchMCLKfromSYSOSCtoHSCLK
00003c21  DL_ADC12_setClockConfig              
00003c61  __aeabi_uidiv                        
00003c61  __aeabi_uidivmod                     
00003ca1  atoi                                 
00003d95  OLED_Set_Pos                         
00003dd1  __aeabi_i2f                          
00003dd1  __floatsisf                          
00003e0d  __TI_auto_init_nobinit_nopinit       
00003e49  __muldsi3                            
00003e85  __aeabi_f2iz                         
00003e85  __fixsfsi                            
00003ebd  sprintf                              
00003f5d  SYSCFG_DL_TIMER_0_init               
00003fc1  mspm0_delay_ms                       
0000401d  __aeabi_i2d                          
0000401d  __floatsidf                          
00004049  mspm0_get_clock_ms                   
00004075  strncpy                              
00004191  _c_int00_noargs                      
000041df  DL_I2C_setClockConfig                
00004205  ADC1_IRQHandler                      
00004229  Delay_ms                             
0000424d  __aeabi_lmul                         
0000424d  __muldi3                             
00004271  memccpy                              
00004295  ADC0_IRQHandler                      
000042f5  DL_UART_transmitDataBlocking         
00004335  __aeabi_llsl                         
00004335  __ashldi3                            
000044a5  DL_Timer_setCaptCompUpdateMethod     
000044c1  DL_Timer_setClockConfig              
000044f9  fputc                                
00004785  DL_Timer_setCaptureCompareOutCtl     
00004815  SysTick_Init                         
0000489d  BUZZER_OFF                           
00004979  LED1_OFF                             
0000498d  LED2_OFF                             
000049a1  LED2_ON                              
000049b5  __aeabi_uldivmod                     
00004a13  DL_UART_setClockConfig               
00004a25  TI_memcpy_small                      
00004a37  __TI_decompress_none                 
00004a59  DL_Timer_setCaptureCompareValue      
00004a69  SysTick_Handler                      
00004a79  delay_ms                             
00004a89  wcslen                               
00004a99  __TI_zero_init                       
00004aa9  __aeabi_memset                       
00004aa9  __aeabi_memset4                      
00004aa9  __aeabi_memset8                      
00004ac5  strlen                               
00004ad3  TI_memset_small                      
00004ae1  __aeabi_memclr                       
00004ae1  __aeabi_memclr4                      
00004ae1  __aeabi_memclr8                      
00004aed  DL_Common_delayCycles                
00004b25  __aeabi_errno_addr                   
00004b2d  __aeabi_memcpy                       
00004b2d  __aeabi_memcpy4                      
00004b2d  __aeabi_memcpy8                      
00004b45  abort                                
00004b4b  AES_IRQHandler                       
00004b4b  CANFD0_IRQHandler                    
00004b4b  DAC0_IRQHandler                      
00004b4b  DMA_IRQHandler                       
00004b4b  Default_Handler                      
00004b4b  GROUP0_IRQHandler                    
00004b4b  HardFault_Handler                    
00004b4b  I2C0_IRQHandler                      
00004b4b  I2C1_IRQHandler                      
00004b4b  NMI_Handler                          
00004b4b  PendSV_Handler                       
00004b4b  RTC_IRQHandler                       
00004b4b  SPI0_IRQHandler                      
00004b4b  SPI1_IRQHandler                      
00004b4b  SVC_Handler                          
00004b4b  TIMA0_IRQHandler                     
00004b4b  TIMA1_IRQHandler                     
00004b4b  TIMG12_IRQHandler                    
00004b4b  TIMG6_IRQHandler                     
00004b4b  TIMG7_IRQHandler                     
00004b4b  TIMG8_IRQHandler                     
00004b4b  UART2_IRQHandler                     
00004b4b  UART3_IRQHandler                     
00004b4e  C$$EXIT                              
00004b4f  HOSTexit                             
00004b53  Reset_Handler                        
00004b69  _system_pre_init                     
00004b70  asc2_1608                            
00005160  asc2_0806                            
00005390  __aeabi_ctype_table_                 
00005390  __aeabi_ctype_table_C                
000055cc  __TI_Handler_Table_Base              
000055d8  __TI_Handler_Table_Limit             
000055e0  __TI_CINIT_Base                      
000055f0  __TI_CINIT_Limit                     
000055f0  __TI_CINIT_Warm                      
20200000  __start___llvm_prf_bits              
20200000  __start___llvm_prf_cnts              
20200000  __stop___llvm_prf_bits               
20200000  __stop___llvm_prf_cnts               
20200000  gPWM_0Backup                         
202000bc  gPWM_ALLBackup                       
20200178  gPWM_1Backup                         
20200218  gPWM_SERVOBackup                     
202002b8  Serial_RxPacket                      
2020031c  L_PWM                                
20200320  x_stepPid                            
20200368  y_stepPid                            
202003b0  Motor                                
202003f0  oled_buffer                          
20200410  Tick                                 
20200424  R_PWM                                
20200428  start_time                           
2020042c  tick_ms                              
20200430  time_x                               
20200434  x_buchang                            
20200436  x_site                               
20200438  y_site                               
2020043a  Serial_RxFlag                        
2020043b  clear_flag                           
2020043c  gCheckADC                            
2020043d  keycnt                               
2020043e  keynum                               
2020043f  mode                                 
20200440  _ftable                              
20200530  __aeabi_errno                        
20200534  _lock                                
20200538  _unlock                              
20207e00  __stack                              
20208000  __STACK_END                          
ffffffff  __TI_pprof_out_hndl                  
ffffffff  __TI_prof_data_size                  
ffffffff  __TI_prof_data_start                 
ffffffff  __binit__                            
ffffffff  binit                                
UNDEFED   __mpu_init                           
UNDEFED   _system_post_cinit                   

[237 symbols]
