<?xml version="1.0" encoding="ISO-8859-1" ?>
<link_info>
   <banner>TI ARM Clang Linker PC v4.0.3.LTS</banner>
   <copyright>Copyright (c) 1996-2018 Texas Instruments Incorporated</copyright>
   <command_line>D:\CCS\ccs\tools\compiler\ti-cgt-armllvm_4.0.3.LTS\bin\tiarmlnk -ID:\CCS\ccs\tools\compiler\ti-cgt-armllvm_4.0.3.LTS\lib -o test.out -mtest.map -iD:/CCS/mspm0_sdk_2_05_01_00/source -iD:/sy/test -iD:/sy/test/Debug/syscfg -iD:/CCS/ccs/tools/compiler/ti-cgt-armllvm_4.0.3.LTS/lib --diag_wrap=off --display_error_number --warn_sections --xml_link_info=test_linkInfo.xml --rom_model ./main.o ./ti_msp_dl_config.o ./startup_mspm0g350x_ticlang.o ./Drivers/MPU6050/inv_mpu.o ./Drivers/MPU6050/inv_mpu_dmp_motion_driver.o ./Drivers/MPU6050/mpu6050.o ./Drivers/MPU6050/mspm0_i2c.o ./Drivers/MSPM0/CCD.o ./Drivers/MSPM0/Delay.o ./Drivers/MSPM0/Key.o ./Drivers/MSPM0/LED.o ./Drivers/MSPM0/Motor.o ./Drivers/MSPM0/PID.o ./Drivers/MSPM0/StepMotor.o ./Drivers/MSPM0/Uart.o ./Drivers/MSPM0/adc.o ./Drivers/MSPM0/clock.o ./Drivers/MSPM0/interrupt.o ./Drivers/MSPM0/work.o ./Drivers/OLED_Hardware_I2C/oled_hardware_i2c.o -l./device_linker.cmd -ldevice.cmd.genlibs -llibc.a -lD:/CCS/mspm0_sdk_2_05_01_00/source/ti/driverlib/lib/ticlang/m0p/mspm0g1x0x_g3x0x/driverlib.a --start-group -llibc++.a -llibc++abi.a -llibc.a -llibsys.a -llibsysbm.a -llibclang_rt.builtins.a -llibclang_rt.profile.a --end-group --cg_opt_level=0</command_line>
   <link_time>0x68cc0366</link_time>
   <link_errors>0x0</link_errors>
   <output_file>D:\sy\test\Debug\test.out</output_file>
   <entry_point>
      <name>_c_int00_noargs</name>
      <address>0x6711</address>
   </entry_point>
   <input_file_list>
      <input_file id="fl-1">
         <path>D:\sy\test\Debug\.\</path>
         <kind>object</kind>
         <file>main.o</file>
         <name>main.o</name>
      </input_file>
      <input_file id="fl-2">
         <path>D:\sy\test\Debug\.\</path>
         <kind>object</kind>
         <file>ti_msp_dl_config.o</file>
         <name>ti_msp_dl_config.o</name>
      </input_file>
      <input_file id="fl-3">
         <path>D:\sy\test\Debug\.\</path>
         <kind>object</kind>
         <file>startup_mspm0g350x_ticlang.o</file>
         <name>startup_mspm0g350x_ticlang.o</name>
      </input_file>
      <input_file id="fl-4">
         <path>D:\sy\test\Debug\.\Drivers\MPU6050\</path>
         <kind>object</kind>
         <file>inv_mpu.o</file>
         <name>inv_mpu.o</name>
      </input_file>
      <input_file id="fl-5">
         <path>D:\sy\test\Debug\.\Drivers\MPU6050\</path>
         <kind>object</kind>
         <file>inv_mpu_dmp_motion_driver.o</file>
         <name>inv_mpu_dmp_motion_driver.o</name>
      </input_file>
      <input_file id="fl-6">
         <path>D:\sy\test\Debug\.\Drivers\MPU6050\</path>
         <kind>object</kind>
         <file>mpu6050.o</file>
         <name>mpu6050.o</name>
      </input_file>
      <input_file id="fl-7">
         <path>D:\sy\test\Debug\.\Drivers\MPU6050\</path>
         <kind>object</kind>
         <file>mspm0_i2c.o</file>
         <name>mspm0_i2c.o</name>
      </input_file>
      <input_file id="fl-8">
         <path>D:\sy\test\Debug\.\Drivers\MSPM0\</path>
         <kind>object</kind>
         <file>CCD.o</file>
         <name>CCD.o</name>
      </input_file>
      <input_file id="fl-9">
         <path>D:\sy\test\Debug\.\Drivers\MSPM0\</path>
         <kind>object</kind>
         <file>Delay.o</file>
         <name>Delay.o</name>
      </input_file>
      <input_file id="fl-a">
         <path>D:\sy\test\Debug\.\Drivers\MSPM0\</path>
         <kind>object</kind>
         <file>Key.o</file>
         <name>Key.o</name>
      </input_file>
      <input_file id="fl-b">
         <path>D:\sy\test\Debug\.\Drivers\MSPM0\</path>
         <kind>object</kind>
         <file>LED.o</file>
         <name>LED.o</name>
      </input_file>
      <input_file id="fl-c">
         <path>D:\sy\test\Debug\.\Drivers\MSPM0\</path>
         <kind>object</kind>
         <file>Motor.o</file>
         <name>Motor.o</name>
      </input_file>
      <input_file id="fl-d">
         <path>D:\sy\test\Debug\.\Drivers\MSPM0\</path>
         <kind>object</kind>
         <file>PID.o</file>
         <name>PID.o</name>
      </input_file>
      <input_file id="fl-e">
         <path>D:\sy\test\Debug\.\Drivers\MSPM0\</path>
         <kind>object</kind>
         <file>StepMotor.o</file>
         <name>StepMotor.o</name>
      </input_file>
      <input_file id="fl-f">
         <path>D:\sy\test\Debug\.\Drivers\MSPM0\</path>
         <kind>object</kind>
         <file>Uart.o</file>
         <name>Uart.o</name>
      </input_file>
      <input_file id="fl-10">
         <path>D:\sy\test\Debug\.\Drivers\MSPM0\</path>
         <kind>object</kind>
         <file>adc.o</file>
         <name>adc.o</name>
      </input_file>
      <input_file id="fl-11">
         <path>D:\sy\test\Debug\.\Drivers\MSPM0\</path>
         <kind>object</kind>
         <file>clock.o</file>
         <name>clock.o</name>
      </input_file>
      <input_file id="fl-12">
         <path>D:\sy\test\Debug\.\Drivers\MSPM0\</path>
         <kind>object</kind>
         <file>interrupt.o</file>
         <name>interrupt.o</name>
      </input_file>
      <input_file id="fl-13">
         <path>D:\sy\test\Debug\.\Drivers\MSPM0\</path>
         <kind>object</kind>
         <file>work.o</file>
         <name>work.o</name>
      </input_file>
      <input_file id="fl-14">
         <path>D:\sy\test\Debug\.\Drivers\OLED_Hardware_I2C\</path>
         <kind>object</kind>
         <file>oled_hardware_i2c.o</file>
         <name>oled_hardware_i2c.o</name>
      </input_file>
      <input_file id="fl-22">
         <path>D:\sy\test\Debug\</path>
         <kind>object</kind>
         <file>&lt;internal&gt;</file>
         <name>&lt;internal&gt;</name>
      </input_file>
      <input_file id="fl-23">
         <path>D:\CCS\mspm0_sdk_2_05_01_00\source\ti\driverlib\lib\ticlang\m0p\mspm0g1x0x_g3x0x\</path>
         <kind>archive</kind>
         <file>driverlib.a</file>
         <name>dl_adc12.o</name>
      </input_file>
      <input_file id="fl-24">
         <path>D:\CCS\mspm0_sdk_2_05_01_00\source\ti\driverlib\lib\ticlang\m0p\mspm0g1x0x_g3x0x\</path>
         <kind>archive</kind>
         <file>driverlib.a</file>
         <name>dl_common.o</name>
      </input_file>
      <input_file id="fl-25">
         <path>D:\CCS\mspm0_sdk_2_05_01_00\source\ti\driverlib\lib\ticlang\m0p\mspm0g1x0x_g3x0x\</path>
         <kind>archive</kind>
         <file>driverlib.a</file>
         <name>dl_i2c.o</name>
      </input_file>
      <input_file id="fl-26">
         <path>D:\CCS\mspm0_sdk_2_05_01_00\source\ti\driverlib\lib\ticlang\m0p\mspm0g1x0x_g3x0x\</path>
         <kind>archive</kind>
         <file>driverlib.a</file>
         <name>dl_timer.o</name>
      </input_file>
      <input_file id="fl-27">
         <path>D:\CCS\mspm0_sdk_2_05_01_00\source\ti\driverlib\lib\ticlang\m0p\mspm0g1x0x_g3x0x\</path>
         <kind>archive</kind>
         <file>driverlib.a</file>
         <name>dl_uart.o</name>
      </input_file>
      <input_file id="fl-28">
         <path>D:\CCS\mspm0_sdk_2_05_01_00\source\ti\driverlib\lib\ticlang\m0p\mspm0g1x0x_g3x0x\</path>
         <kind>archive</kind>
         <file>driverlib.a</file>
         <name>dl_sysctl_mspm0g1x0x_g3x0x.o</name>
      </input_file>
      <input_file id="fl-3f">
         <path>D:\CCS\ccs\tools\compiler\ti-cgt-armllvm_4.0.3.LTS\lib\armv6m-ti-none-eabi\c\</path>
         <kind>archive</kind>
         <file>libc.a</file>
         <name>sprintf.c.obj</name>
      </input_file>
      <input_file id="fl-40">
         <path>D:\CCS\ccs\tools\compiler\ti-cgt-armllvm_4.0.3.LTS\lib\armv6m-ti-none-eabi\c\</path>
         <kind>archive</kind>
         <file>libc.a</file>
         <name>e_asin.c.obj</name>
      </input_file>
      <input_file id="fl-41">
         <path>D:\CCS\ccs\tools\compiler\ti-cgt-armllvm_4.0.3.LTS\lib\armv6m-ti-none-eabi\c\</path>
         <kind>archive</kind>
         <file>libc.a</file>
         <name>e_atan2.c.obj</name>
      </input_file>
      <input_file id="fl-42">
         <path>D:\CCS\ccs\tools\compiler\ti-cgt-armllvm_4.0.3.LTS\lib\armv6m-ti-none-eabi\c\</path>
         <kind>archive</kind>
         <file>libc.a</file>
         <name>e_sqrt.c.obj</name>
      </input_file>
      <input_file id="fl-43">
         <path>D:\CCS\ccs\tools\compiler\ti-cgt-armllvm_4.0.3.LTS\lib\armv6m-ti-none-eabi\c\</path>
         <kind>archive</kind>
         <file>libc.a</file>
         <name>s_atan.c.obj</name>
      </input_file>
      <input_file id="fl-44">
         <path>D:\CCS\ccs\tools\compiler\ti-cgt-armllvm_4.0.3.LTS\lib\armv6m-ti-none-eabi\c\</path>
         <kind>archive</kind>
         <file>libc.a</file>
         <name>aeabi_portable.c.obj</name>
      </input_file>
      <input_file id="fl-45">
         <path>D:\CCS\ccs\tools\compiler\ti-cgt-armllvm_4.0.3.LTS\lib\armv6m-ti-none-eabi\c\</path>
         <kind>archive</kind>
         <file>libc.a</file>
         <name>assert.c.obj</name>
      </input_file>
      <input_file id="fl-46">
         <path>D:\CCS\ccs\tools\compiler\ti-cgt-armllvm_4.0.3.LTS\lib\armv6m-ti-none-eabi\c\</path>
         <kind>archive</kind>
         <file>libc.a</file>
         <name>atoi.c.obj</name>
      </input_file>
      <input_file id="fl-47">
         <path>D:\CCS\ccs\tools\compiler\ti-cgt-armllvm_4.0.3.LTS\lib\armv6m-ti-none-eabi\c\</path>
         <kind>archive</kind>
         <file>libc.a</file>
         <name>defs.c.obj</name>
      </input_file>
      <input_file id="fl-48">
         <path>D:\CCS\ccs\tools\compiler\ti-cgt-armllvm_4.0.3.LTS\lib\armv6m-ti-none-eabi\c\</path>
         <kind>archive</kind>
         <file>libc.a</file>
         <name>memcmp.c.obj</name>
      </input_file>
      <input_file id="fl-49">
         <path>D:\CCS\ccs\tools\compiler\ti-cgt-armllvm_4.0.3.LTS\lib\armv6m-ti-none-eabi\c\</path>
         <kind>archive</kind>
         <file>libc.a</file>
         <name>memory.c.obj</name>
      </input_file>
      <input_file id="fl-4a">
         <path>D:\CCS\ccs\tools\compiler\ti-cgt-armllvm_4.0.3.LTS\lib\armv6m-ti-none-eabi\c\</path>
         <kind>archive</kind>
         <file>libc.a</file>
         <name>strlen.c.obj</name>
      </input_file>
      <input_file id="fl-4b">
         <path>D:\CCS\ccs\tools\compiler\ti-cgt-armllvm_4.0.3.LTS\lib\armv6m-ti-none-eabi\c\</path>
         <kind>archive</kind>
         <file>libc.a</file>
         <name>strstr.c.obj</name>
      </input_file>
      <input_file id="fl-4c">
         <path>D:\CCS\ccs\tools\compiler\ti-cgt-armllvm_4.0.3.LTS\lib\armv6m-ti-none-eabi\c\</path>
         <kind>archive</kind>
         <file>libc.a</file>
         <name>strtok.c.obj</name>
      </input_file>
      <input_file id="fl-4d">
         <path>D:\CCS\ccs\tools\compiler\ti-cgt-armllvm_4.0.3.LTS\lib\armv6m-ti-none-eabi\c\</path>
         <kind>archive</kind>
         <file>libc.a</file>
         <name>boot_cortex_m.c.obj</name>
      </input_file>
      <input_file id="fl-4e">
         <path>D:\CCS\ccs\tools\compiler\ti-cgt-armllvm_4.0.3.LTS\lib\armv6m-ti-none-eabi\c\</path>
         <kind>archive</kind>
         <file>libc.a</file>
         <name>mathacl_init.c.obj</name>
      </input_file>
      <input_file id="fl-4f">
         <path>D:\CCS\ccs\tools\compiler\ti-cgt-armllvm_4.0.3.LTS\lib\armv6m-ti-none-eabi\c\</path>
         <kind>archive</kind>
         <file>libc.a</file>
         <name>autoinit.c.obj</name>
      </input_file>
      <input_file id="fl-50">
         <path>D:\CCS\ccs\tools\compiler\ti-cgt-armllvm_4.0.3.LTS\lib\armv6m-ti-none-eabi\c\</path>
         <kind>archive</kind>
         <file>libc.a</file>
         <name>pre_init.c.obj</name>
      </input_file>
      <input_file id="fl-51">
         <path>D:\CCS\ccs\tools\compiler\ti-cgt-armllvm_4.0.3.LTS\lib\armv6m-ti-none-eabi\c\</path>
         <kind>archive</kind>
         <file>libc.a</file>
         <name>cpy_tbl.c.obj</name>
      </input_file>
      <input_file id="fl-52">
         <path>D:\CCS\ccs\tools\compiler\ti-cgt-armllvm_4.0.3.LTS\lib\armv6m-ti-none-eabi\c\</path>
         <kind>archive</kind>
         <file>libc.a</file>
         <name>copy_zero_init.c.obj</name>
      </input_file>
      <input_file id="fl-53">
         <path>D:\CCS\ccs\tools\compiler\ti-cgt-armllvm_4.0.3.LTS\lib\armv6m-ti-none-eabi\c\</path>
         <kind>archive</kind>
         <file>libc.a</file>
         <name>copy_decompress_none.c.obj</name>
      </input_file>
      <input_file id="fl-54">
         <path>D:\CCS\ccs\tools\compiler\ti-cgt-armllvm_4.0.3.LTS\lib\armv6m-ti-none-eabi\c\</path>
         <kind>archive</kind>
         <file>libc.a</file>
         <name>copy_decompress_lzss.c.obj</name>
      </input_file>
      <input_file id="fl-55">
         <path>D:\CCS\ccs\tools\compiler\ti-cgt-armllvm_4.0.3.LTS\lib\armv6m-ti-none-eabi\c\</path>
         <kind>archive</kind>
         <file>libc.a</file>
         <name>_printfi.c.obj</name>
      </input_file>
      <input_file id="fl-56">
         <path>D:\CCS\ccs\tools\compiler\ti-cgt-armllvm_4.0.3.LTS\lib\armv6m-ti-none-eabi\c\</path>
         <kind>archive</kind>
         <file>libc.a</file>
         <name>fflush.c.obj</name>
      </input_file>
      <input_file id="fl-57">
         <path>D:\CCS\ccs\tools\compiler\ti-cgt-armllvm_4.0.3.LTS\lib\armv6m-ti-none-eabi\c\</path>
         <kind>archive</kind>
         <file>libc.a</file>
         <name>s_frexp.c.obj</name>
      </input_file>
      <input_file id="fl-58">
         <path>D:\CCS\ccs\tools\compiler\ti-cgt-armllvm_4.0.3.LTS\lib\armv6m-ti-none-eabi\c\</path>
         <kind>archive</kind>
         <file>libc.a</file>
         <name>s_scalbn.c.obj</name>
      </input_file>
      <input_file id="fl-59">
         <path>D:\CCS\ccs\tools\compiler\ti-cgt-armllvm_4.0.3.LTS\lib\armv6m-ti-none-eabi\c\</path>
         <kind>archive</kind>
         <file>libc.a</file>
         <name>wcslen.c.obj</name>
      </input_file>
      <input_file id="fl-5a">
         <path>D:\CCS\ccs\tools\compiler\ti-cgt-armllvm_4.0.3.LTS\lib\armv6m-ti-none-eabi\c\</path>
         <kind>archive</kind>
         <file>libc.a</file>
         <name>aeabi_ctype.S.obj</name>
      </input_file>
      <input_file id="fl-5b">
         <path>D:\CCS\ccs\tools\compiler\ti-cgt-armllvm_4.0.3.LTS\lib\armv6m-ti-none-eabi\c\</path>
         <kind>archive</kind>
         <file>libc.a</file>
         <name>exit.c.obj</name>
      </input_file>
      <input_file id="fl-5c">
         <path>D:\CCS\ccs\tools\compiler\ti-cgt-armllvm_4.0.3.LTS\lib\armv6m-ti-none-eabi\c\</path>
         <kind>archive</kind>
         <file>libc.a</file>
         <name>_lock.c.obj</name>
      </input_file>
      <input_file id="fl-5d">
         <path>D:\CCS\ccs\tools\compiler\ti-cgt-armllvm_4.0.3.LTS\lib\armv6m-ti-none-eabi\c\</path>
         <kind>archive</kind>
         <file>libc.a</file>
         <name>_ltoa.c.obj</name>
      </input_file>
      <input_file id="fl-5e">
         <path>D:\CCS\ccs\tools\compiler\ti-cgt-armllvm_4.0.3.LTS\lib\armv6m-ti-none-eabi\c\</path>
         <kind>archive</kind>
         <file>libc.a</file>
         <name>args_main.c.obj</name>
      </input_file>
      <input_file id="fl-5f">
         <path>D:\CCS\ccs\tools\compiler\ti-cgt-armllvm_4.0.3.LTS\lib\armv6m-ti-none-eabi\c\</path>
         <kind>archive</kind>
         <file>libc.a</file>
         <name>memccpy.c.obj</name>
      </input_file>
      <input_file id="fl-60">
         <path>D:\CCS\ccs\tools\compiler\ti-cgt-armllvm_4.0.3.LTS\lib\armv6m-ti-none-eabi\c\</path>
         <kind>archive</kind>
         <file>libc.a</file>
         <name>strcspn.c.obj</name>
      </input_file>
      <input_file id="fl-61">
         <path>D:\CCS\ccs\tools\compiler\ti-cgt-armllvm_4.0.3.LTS\lib\armv6m-ti-none-eabi\c\</path>
         <kind>archive</kind>
         <file>libc.a</file>
         <name>strspn.c.obj</name>
      </input_file>
      <input_file id="fl-101">
         <path>D:\CCS\ccs\tools\compiler\ti-cgt-armllvm_4.0.3.LTS\lib\armv6m-ti-none-eabi\c\</path>
         <kind>archive</kind>
         <file>libsysbm.a</file>
         <name>hostexit.c.obj</name>
      </input_file>
      <input_file id="fl-102">
         <path>D:\CCS\ccs\tools\compiler\ti-cgt-armllvm_4.0.3.LTS\lib\armv6m-ti-none-eabi\c\</path>
         <kind>archive</kind>
         <file>libsysbm.a</file>
         <name>write.c.obj</name>
      </input_file>
      <input_file id="fl-103">
         <path>D:\CCS\ccs\tools\compiler\ti-cgt-armllvm_4.0.3.LTS\lib\armv6m-ti-none-eabi\c\</path>
         <kind>archive</kind>
         <file>libsysbm.a</file>
         <name>host_device.c.obj</name>
      </input_file>
      <input_file id="fl-104">
         <path>D:\CCS\ccs\tools\compiler\ti-cgt-armllvm_4.0.3.LTS\lib\armv6m-ti-none-eabi\c\</path>
         <kind>archive</kind>
         <file>libsysbm.a</file>
         <name>hostclose.c.obj</name>
      </input_file>
      <input_file id="fl-105">
         <path>D:\CCS\ccs\tools\compiler\ti-cgt-armllvm_4.0.3.LTS\lib\armv6m-ti-none-eabi\c\</path>
         <kind>archive</kind>
         <file>libsysbm.a</file>
         <name>hostlseek.c.obj</name>
      </input_file>
      <input_file id="fl-106">
         <path>D:\CCS\ccs\tools\compiler\ti-cgt-armllvm_4.0.3.LTS\lib\armv6m-ti-none-eabi\c\</path>
         <kind>archive</kind>
         <file>libsysbm.a</file>
         <name>hostopen.c.obj</name>
      </input_file>
      <input_file id="fl-107">
         <path>D:\CCS\ccs\tools\compiler\ti-cgt-armllvm_4.0.3.LTS\lib\armv6m-ti-none-eabi\c\</path>
         <kind>archive</kind>
         <file>libsysbm.a</file>
         <name>hostread.c.obj</name>
      </input_file>
      <input_file id="fl-108">
         <path>D:\CCS\ccs\tools\compiler\ti-cgt-armllvm_4.0.3.LTS\lib\armv6m-ti-none-eabi\c\</path>
         <kind>archive</kind>
         <file>libsysbm.a</file>
         <name>hostrename.c.obj</name>
      </input_file>
      <input_file id="fl-109">
         <path>D:\CCS\ccs\tools\compiler\ti-cgt-armllvm_4.0.3.LTS\lib\armv6m-ti-none-eabi\c\</path>
         <kind>archive</kind>
         <file>libsysbm.a</file>
         <name>hostunlink.c.obj</name>
      </input_file>
      <input_file id="fl-10a">
         <path>D:\CCS\ccs\tools\compiler\ti-cgt-armllvm_4.0.3.LTS\lib\armv6m-ti-none-eabi\c\</path>
         <kind>archive</kind>
         <file>libsysbm.a</file>
         <name>hostwrite.c.obj</name>
      </input_file>
      <input_file id="fl-10b">
         <path>D:\CCS\ccs\tools\compiler\ti-cgt-armllvm_4.0.3.LTS\lib\armv6m-ti-none-eabi\c\</path>
         <kind>archive</kind>
         <file>libsysbm.a</file>
         <name>trgmsg.c.obj</name>
      </input_file>
      <input_file id="fl-10c">
         <path>D:\CCS\ccs\tools\compiler\ti-cgt-armllvm_4.0.3.LTS\lib\armv6m-ti-none-eabi\</path>
         <kind>archive</kind>
         <file>libclang_rt.builtins.a</file>
         <name>addsf3.S.obj</name>
      </input_file>
      <input_file id="fl-10d">
         <path>D:\CCS\ccs\tools\compiler\ti-cgt-armllvm_4.0.3.LTS\lib\armv6m-ti-none-eabi\</path>
         <kind>archive</kind>
         <file>libclang_rt.builtins.a</file>
         <name>adddf3.S.obj</name>
      </input_file>
      <input_file id="fl-10e">
         <path>D:\CCS\ccs\tools\compiler\ti-cgt-armllvm_4.0.3.LTS\lib\armv6m-ti-none-eabi\</path>
         <kind>archive</kind>
         <file>libclang_rt.builtins.a</file>
         <name>muldf3.S.obj</name>
      </input_file>
      <input_file id="fl-10f">
         <path>D:\CCS\ccs\tools\compiler\ti-cgt-armllvm_4.0.3.LTS\lib\armv6m-ti-none-eabi\</path>
         <kind>archive</kind>
         <file>libclang_rt.builtins.a</file>
         <name>muldsi3.S.obj</name>
      </input_file>
      <input_file id="fl-110">
         <path>D:\CCS\ccs\tools\compiler\ti-cgt-armllvm_4.0.3.LTS\lib\armv6m-ti-none-eabi\</path>
         <kind>archive</kind>
         <file>libclang_rt.builtins.a</file>
         <name>mulsf3.S.obj</name>
      </input_file>
      <input_file id="fl-111">
         <path>D:\CCS\ccs\tools\compiler\ti-cgt-armllvm_4.0.3.LTS\lib\armv6m-ti-none-eabi\</path>
         <kind>archive</kind>
         <file>libclang_rt.builtins.a</file>
         <name>divsf3.S.obj</name>
      </input_file>
      <input_file id="fl-112">
         <path>D:\CCS\ccs\tools\compiler\ti-cgt-armllvm_4.0.3.LTS\lib\armv6m-ti-none-eabi\</path>
         <kind>archive</kind>
         <file>libclang_rt.builtins.a</file>
         <name>divdf3.S.obj</name>
      </input_file>
      <input_file id="fl-113">
         <path>D:\CCS\ccs\tools\compiler\ti-cgt-armllvm_4.0.3.LTS\lib\armv6m-ti-none-eabi\</path>
         <kind>archive</kind>
         <file>libclang_rt.builtins.a</file>
         <name>extendsfdf2.S.obj</name>
      </input_file>
      <input_file id="fl-114">
         <path>D:\CCS\ccs\tools\compiler\ti-cgt-armllvm_4.0.3.LTS\lib\armv6m-ti-none-eabi\</path>
         <kind>archive</kind>
         <file>libclang_rt.builtins.a</file>
         <name>fixdfsi.S.obj</name>
      </input_file>
      <input_file id="fl-115">
         <path>D:\CCS\ccs\tools\compiler\ti-cgt-armllvm_4.0.3.LTS\lib\armv6m-ti-none-eabi\</path>
         <kind>archive</kind>
         <file>libclang_rt.builtins.a</file>
         <name>fixsfsi.S.obj</name>
      </input_file>
      <input_file id="fl-116">
         <path>D:\CCS\ccs\tools\compiler\ti-cgt-armllvm_4.0.3.LTS\lib\armv6m-ti-none-eabi\</path>
         <kind>archive</kind>
         <file>libclang_rt.builtins.a</file>
         <name>fixunsdfsi.S.obj</name>
      </input_file>
      <input_file id="fl-117">
         <path>D:\CCS\ccs\tools\compiler\ti-cgt-armllvm_4.0.3.LTS\lib\armv6m-ti-none-eabi\</path>
         <kind>archive</kind>
         <file>libclang_rt.builtins.a</file>
         <name>floatsidf.S.obj</name>
      </input_file>
      <input_file id="fl-118">
         <path>D:\CCS\ccs\tools\compiler\ti-cgt-armllvm_4.0.3.LTS\lib\armv6m-ti-none-eabi\</path>
         <kind>archive</kind>
         <file>libclang_rt.builtins.a</file>
         <name>floatsisf.S.obj</name>
      </input_file>
      <input_file id="fl-119">
         <path>D:\CCS\ccs\tools\compiler\ti-cgt-armllvm_4.0.3.LTS\lib\armv6m-ti-none-eabi\</path>
         <kind>archive</kind>
         <file>libclang_rt.builtins.a</file>
         <name>floatunsidf.S.obj</name>
      </input_file>
      <input_file id="fl-11a">
         <path>D:\CCS\ccs\tools\compiler\ti-cgt-armllvm_4.0.3.LTS\lib\armv6m-ti-none-eabi\</path>
         <kind>archive</kind>
         <file>libclang_rt.builtins.a</file>
         <name>floatunsisf.S.obj</name>
      </input_file>
      <input_file id="fl-11b">
         <path>D:\CCS\ccs\tools\compiler\ti-cgt-armllvm_4.0.3.LTS\lib\armv6m-ti-none-eabi\</path>
         <kind>archive</kind>
         <file>libclang_rt.builtins.a</file>
         <name>muldi3.S.obj</name>
      </input_file>
      <input_file id="fl-11c">
         <path>D:\CCS\ccs\tools\compiler\ti-cgt-armllvm_4.0.3.LTS\lib\armv6m-ti-none-eabi\</path>
         <kind>archive</kind>
         <file>libclang_rt.builtins.a</file>
         <name>truncdfsf2.S.obj</name>
      </input_file>
      <input_file id="fl-11d">
         <path>D:\CCS\ccs\tools\compiler\ti-cgt-armllvm_4.0.3.LTS\lib\armv6m-ti-none-eabi\</path>
         <kind>archive</kind>
         <file>libclang_rt.builtins.a</file>
         <name>aeabi_dcmp.S.obj</name>
      </input_file>
      <input_file id="fl-11e">
         <path>D:\CCS\ccs\tools\compiler\ti-cgt-armllvm_4.0.3.LTS\lib\armv6m-ti-none-eabi\</path>
         <kind>archive</kind>
         <file>libclang_rt.builtins.a</file>
         <name>aeabi_fcmp.S.obj</name>
      </input_file>
      <input_file id="fl-11f">
         <path>D:\CCS\ccs\tools\compiler\ti-cgt-armllvm_4.0.3.LTS\lib\armv6m-ti-none-eabi\</path>
         <kind>archive</kind>
         <file>libclang_rt.builtins.a</file>
         <name>aeabi_idivmod.S.obj</name>
      </input_file>
      <input_file id="fl-120">
         <path>D:\CCS\ccs\tools\compiler\ti-cgt-armllvm_4.0.3.LTS\lib\armv6m-ti-none-eabi\</path>
         <kind>archive</kind>
         <file>libclang_rt.builtins.a</file>
         <name>aeabi_ldivmod.S.obj</name>
      </input_file>
      <input_file id="fl-121">
         <path>D:\CCS\ccs\tools\compiler\ti-cgt-armllvm_4.0.3.LTS\lib\armv6m-ti-none-eabi\</path>
         <kind>archive</kind>
         <file>libclang_rt.builtins.a</file>
         <name>aeabi_memcpy.S.obj</name>
      </input_file>
      <input_file id="fl-122">
         <path>D:\CCS\ccs\tools\compiler\ti-cgt-armllvm_4.0.3.LTS\lib\armv6m-ti-none-eabi\</path>
         <kind>archive</kind>
         <file>libclang_rt.builtins.a</file>
         <name>aeabi_memset.S.obj</name>
      </input_file>
      <input_file id="fl-123">
         <path>D:\CCS\ccs\tools\compiler\ti-cgt-armllvm_4.0.3.LTS\lib\armv6m-ti-none-eabi\</path>
         <kind>archive</kind>
         <file>libclang_rt.builtins.a</file>
         <name>aeabi_uidivmod.S.obj</name>
      </input_file>
      <input_file id="fl-124">
         <path>D:\CCS\ccs\tools\compiler\ti-cgt-armllvm_4.0.3.LTS\lib\armv6m-ti-none-eabi\</path>
         <kind>archive</kind>
         <file>libclang_rt.builtins.a</file>
         <name>aeabi_uldivmod.S.obj</name>
      </input_file>
      <input_file id="fl-125">
         <path>D:\CCS\ccs\tools\compiler\ti-cgt-armllvm_4.0.3.LTS\lib\armv6m-ti-none-eabi\</path>
         <kind>archive</kind>
         <file>libclang_rt.builtins.a</file>
         <name>comparesf2.S.obj</name>
      </input_file>
      <input_file id="fl-126">
         <path>D:\CCS\ccs\tools\compiler\ti-cgt-armllvm_4.0.3.LTS\lib\armv6m-ti-none-eabi\</path>
         <kind>archive</kind>
         <file>libclang_rt.builtins.a</file>
         <name>udivmoddi4.S.obj</name>
      </input_file>
      <input_file id="fl-127">
         <path>D:\CCS\ccs\tools\compiler\ti-cgt-armllvm_4.0.3.LTS\lib\armv6m-ti-none-eabi\</path>
         <kind>archive</kind>
         <file>libclang_rt.builtins.a</file>
         <name>ashldi3.S.obj</name>
      </input_file>
      <input_file id="fl-128">
         <path>D:\CCS\ccs\tools\compiler\ti-cgt-armllvm_4.0.3.LTS\lib\armv6m-ti-none-eabi\</path>
         <kind>archive</kind>
         <file>libclang_rt.builtins.a</file>
         <name>comparedf2.c.obj</name>
      </input_file>
      <input_file id="fl-129">
         <path>D:\CCS\ccs\tools\compiler\ti-cgt-armllvm_4.0.3.LTS\lib\armv6m-ti-none-eabi\</path>
         <kind>archive</kind>
         <file>libclang_rt.builtins.a</file>
         <name>divmoddi4.c.obj</name>
      </input_file>
      <input_file id="fl-12a">
         <path>D:\CCS\ccs\tools\compiler\ti-cgt-armllvm_4.0.3.LTS\lib\armv6m-ti-none-eabi\</path>
         <kind>archive</kind>
         <file>libclang_rt.builtins.a</file>
         <name>aeabi_div0.c.obj</name>
      </input_file>
      <input_file id="fl-12b">
         <path>D:\CCS\ccs\tools\compiler\ti-cgt-armllvm_4.0.3.LTS\lib\armv6m-ti-none-eabi\c\</path>
         <kind>archive</kind>
         <file>libc.a</file>
         <name>memcpy16.S.obj</name>
      </input_file>
      <input_file id="fl-12c">
         <path>D:\CCS\ccs\tools\compiler\ti-cgt-armllvm_4.0.3.LTS\lib\armv6m-ti-none-eabi\c\</path>
         <kind>archive</kind>
         <file>libc.a</file>
         <name>memset16.S.obj</name>
      </input_file>
   </input_file_list>
   <object_component_list>
      <object_component id="oc-18">
         <name>.intvecs</name>
         <load_address>0x0</load_address>
         <readonly>true</readonly>
         <run_address>0x0</run_address>
         <size>0xc0</size>
         <alignment>0x4</alignment>
         <input_file_ref idref="fl-3"/>
      </object_component>
      <object_component id="oc-2eb">
         <name>.text:__TI_printfi</name>
         <load_address>0xc0</load_address>
         <readonly>true</readonly>
         <executable>true</executable>
         <run_address>0xc0</run_address>
         <size>0x9d0</size>
         <alignment>0x4</alignment>
         <input_file_ref idref="fl-55"/>
      </object_component>
      <object_component id="oc-174">
         <name>.text.SYSCFG_DL_GPIO_init</name>
         <load_address>0xa90</load_address>
         <readonly>true</readonly>
         <executable>true</executable>
         <run_address>0xa90</run_address>
         <size>0x280</size>
         <alignment>0x4</alignment>
         <input_file_ref idref="fl-2"/>
      </object_component>
      <object_component id="oc-1a0">
         <name>.text.dmp_enable_feature</name>
         <load_address>0xd10</load_address>
         <readonly>true</readonly>
         <executable>true</executable>
         <run_address>0xd10</run_address>
         <size>0x278</size>
         <alignment>0x4</alignment>
         <input_file_ref idref="fl-5"/>
      </object_component>
      <object_component id="oc-120">
         <name>.text.renwu</name>
         <load_address>0xf88</load_address>
         <readonly>true</readonly>
         <executable>true</executable>
         <run_address>0xf88</run_address>
         <size>0x250</size>
         <alignment>0x4</alignment>
         <input_file_ref idref="fl-1"/>
      </object_component>
      <object_component id="oc-271">
         <name>.text.dmp_set_tap_thresh</name>
         <load_address>0x11d8</load_address>
         <readonly>true</readonly>
         <executable>true</executable>
         <run_address>0x11d8</run_address>
         <size>0x238</size>
         <alignment>0x4</alignment>
         <input_file_ref idref="fl-5"/>
      </object_component>
      <object_component id="oc-263">
         <name>.text.mpu_reset_fifo</name>
         <load_address>0x1410</load_address>
         <readonly>true</readonly>
         <executable>true</executable>
         <run_address>0x1410</run_address>
         <size>0x22c</size>
         <alignment>0x4</alignment>
         <input_file_ref idref="fl-4"/>
      </object_component>
      <object_component id="oc-319">
         <name>.text._pconv_a</name>
         <load_address>0x163c</load_address>
         <readonly>true</readonly>
         <executable>true</executable>
         <run_address>0x163c</run_address>
         <size>0x220</size>
         <alignment>0x4</alignment>
         <input_file_ref idref="fl-55"/>
      </object_component>
      <object_component id="oc-4e">
         <name>.text.TIMG0_IRQHandler</name>
         <load_address>0x185c</load_address>
         <readonly>true</readonly>
         <executable>true</executable>
         <run_address>0x185c</run_address>
         <size>0x210</size>
         <alignment>0x4</alignment>
         <input_file_ref idref="fl-1"/>
      </object_component>
      <object_component id="oc-31a">
         <name>.text._pconv_g</name>
         <load_address>0x1a6c</load_address>
         <readonly>true</readonly>
         <executable>true</executable>
         <run_address>0x1a6c</run_address>
         <size>0x1dc</size>
         <alignment>0x4</alignment>
         <input_file_ref idref="fl-55"/>
      </object_component>
      <object_component id="oc-25d">
         <name>.text.mpu_set_bypass</name>
         <load_address>0x1c48</load_address>
         <readonly>true</readonly>
         <executable>true</executable>
         <run_address>0x1c48</run_address>
         <size>0x1a0</size>
         <alignment>0x4</alignment>
         <input_file_ref idref="fl-4"/>
      </object_component>
      <object_component id="oc-d6">
         <name>.text.adddf3_subdf3</name>
         <load_address>0x1de8</load_address>
         <readonly>true</readonly>
         <executable>true</executable>
         <run_address>0x1de8</run_address>
         <size>0x192</size>
         <alignment>0x4</alignment>
         <input_file_ref idref="fl-10d"/>
      </object_component>
      <object_component id="oc-2bc">
         <name>.text.__aeabi_idiv0</name>
         <load_address>0x1f7a</load_address>
         <readonly>true</readonly>
         <executable>true</executable>
         <run_address>0x1f7a</run_address>
         <size>0x2</size>
         <alignment>0x2</alignment>
         <input_file_ref idref="fl-12a"/>
      </object_component>
      <object_component id="oc-be">
         <name>.text.main</name>
         <load_address>0x1f7c</load_address>
         <readonly>true</readonly>
         <executable>true</executable>
         <run_address>0x1f7c</run_address>
         <size>0x188</size>
         <alignment>0x4</alignment>
         <input_file_ref idref="fl-1"/>
      </object_component>
      <object_component id="oc-19d">
         <name>.text.dmp_set_orientation</name>
         <load_address>0x2104</load_address>
         <readonly>true</readonly>
         <executable>true</executable>
         <run_address>0x2104</run_address>
         <size>0x178</size>
         <alignment>0x4</alignment>
         <input_file_ref idref="fl-5"/>
      </object_component>
      <object_component id="oc-98">
         <name>.text.Car_Move</name>
         <load_address>0x227c</load_address>
         <readonly>true</readonly>
         <executable>true</executable>
         <run_address>0x227c</run_address>
         <size>0x14c</size>
         <alignment>0x4</alignment>
         <input_file_ref idref="fl-c"/>
      </object_component>
      <object_component id="oc-10a">
         <name>.text.MPU6050_Init</name>
         <load_address>0x23c8</load_address>
         <readonly>true</readonly>
         <executable>true</executable>
         <run_address>0x23c8</run_address>
         <size>0x148</size>
         <alignment>0x4</alignment>
         <input_file_ref idref="fl-6"/>
      </object_component>
      <object_component id="oc-346">
         <name>.text.fcvt</name>
         <load_address>0x2510</load_address>
         <readonly>true</readonly>
         <executable>true</executable>
         <run_address>0x2510</run_address>
         <size>0x13c</size>
         <alignment>0x4</alignment>
         <input_file_ref idref="fl-55"/>
      </object_component>
      <object_component id="oc-2b8">
         <name>.text.mspm0_i2c_read</name>
         <load_address>0x264c</load_address>
         <readonly>true</readonly>
         <executable>true</executable>
         <run_address>0x264c</run_address>
         <size>0x134</size>
         <alignment>0x4</alignment>
         <input_file_ref idref="fl-7"/>
      </object_component>
      <object_component id="oc-191">
         <name>.text.mpu_set_sensors</name>
         <load_address>0x2780</load_address>
         <readonly>true</readonly>
         <executable>true</executable>
         <run_address>0x2780</run_address>
         <size>0x130</size>
         <alignment>0x4</alignment>
         <input_file_ref idref="fl-4"/>
      </object_component>
      <object_component id="oc-18b">
         <name>.text.mpu_init</name>
         <load_address>0x28b0</load_address>
         <readonly>true</readonly>
         <executable>true</executable>
         <run_address>0x28b0</run_address>
         <size>0x128</size>
         <alignment>0x4</alignment>
         <input_file_ref idref="fl-4"/>
      </object_component>
      <object_component id="oc-269">
         <name>.text.mpu_load_firmware</name>
         <load_address>0x29d8</load_address>
         <readonly>true</readonly>
         <executable>true</executable>
         <run_address>0x29d8</run_address>
         <size>0x124</size>
         <alignment>0x4</alignment>
         <input_file_ref idref="fl-4"/>
      </object_component>
      <object_component id="oc-31c">
         <name>.text._pconv_e</name>
         <load_address>0x2afc</load_address>
         <readonly>true</readonly>
         <executable>true</executable>
         <run_address>0x2afc</run_address>
         <size>0x120</size>
         <alignment>0x4</alignment>
         <input_file_ref idref="fl-55"/>
      </object_component>
      <object_component id="oc-28e">
         <name>.text.OLED_ShowChar</name>
         <load_address>0x2c1c</load_address>
         <readonly>true</readonly>
         <executable>true</executable>
         <run_address>0x2c1c</run_address>
         <size>0x118</size>
         <alignment>0x4</alignment>
         <input_file_ref idref="fl-14"/>
      </object_component>
      <object_component id="oc-10f">
         <name>.text.OLED_Init</name>
         <load_address>0x2d34</load_address>
         <readonly>true</readonly>
         <executable>true</executable>
         <run_address>0x2d34</run_address>
         <size>0x110</size>
         <alignment>0x4</alignment>
         <input_file_ref idref="fl-14"/>
      </object_component>
      <object_component id="oc-342">
         <name>.text.__divdf3</name>
         <load_address>0x2e44</load_address>
         <readonly>true</readonly>
         <executable>true</executable>
         <run_address>0x2e44</run_address>
         <size>0x10c</size>
         <alignment>0x4</alignment>
         <input_file_ref idref="fl-112"/>
      </object_component>
      <object_component id="oc-213">
         <name>.text.DL_Timer_initFourCCPWMMode</name>
         <load_address>0x2f50</load_address>
         <readonly>true</readonly>
         <executable>true</executable>
         <run_address>0x2f50</run_address>
         <size>0x104</size>
         <alignment>0x4</alignment>
         <input_file_ref idref="fl-26"/>
      </object_component>
      <object_component id="oc-264">
         <name>.text.mpu_lp_accel_mode</name>
         <load_address>0x3054</load_address>
         <readonly>true</readonly>
         <executable>true</executable>
         <run_address>0x3054</run_address>
         <size>0x100</size>
         <alignment>0x4</alignment>
         <input_file_ref idref="fl-4"/>
      </object_component>
      <object_component id="oc-8d">
         <name>.text.xunji_pid</name>
         <load_address>0x3154</load_address>
         <readonly>true</readonly>
         <executable>true</executable>
         <run_address>0x3154</run_address>
         <size>0xfc</size>
         <alignment>0x4</alignment>
         <input_file_ref idref="fl-c"/>
      </object_component>
      <object_component id="oc-1b9">
         <name>.text.Key_GetNum</name>
         <load_address>0x3250</load_address>
         <readonly>true</readonly>
         <executable>true</executable>
         <run_address>0x3250</run_address>
         <size>0xf4</size>
         <alignment>0x4</alignment>
         <input_file_ref idref="fl-a"/>
      </object_component>
      <object_component id="oc-193">
         <name>.text.mpu_set_sample_rate</name>
         <load_address>0x3344</load_address>
         <readonly>true</readonly>
         <executable>true</executable>
         <run_address>0x3344</run_address>
         <size>0xec</size>
         <alignment>0x4</alignment>
         <input_file_ref idref="fl-4"/>
      </object_component>
      <object_component id="oc-21d">
         <name>.text.DL_Timer_initTimerMode</name>
         <load_address>0x3430</load_address>
         <readonly>true</readonly>
         <executable>true</executable>
         <run_address>0x3430</run_address>
         <size>0xe8</size>
         <alignment>0x4</alignment>
         <input_file_ref idref="fl-26"/>
      </object_component>
      <object_component id="oc-e1">
         <name>.text.__muldf3</name>
         <load_address>0x3518</load_address>
         <readonly>true</readonly>
         <executable>true</executable>
         <run_address>0x3518</run_address>
         <size>0xe4</size>
         <alignment>0x4</alignment>
         <input_file_ref idref="fl-10e"/>
      </object_component>
      <object_component id="oc-25b">
         <name>.text.mpu_set_accel_fsr</name>
         <load_address>0x35fc</load_address>
         <readonly>true</readonly>
         <executable>true</executable>
         <run_address>0x35fc</run_address>
         <size>0xe4</size>
         <alignment>0x4</alignment>
         <input_file_ref idref="fl-4"/>
      </object_component>
      <object_component id="oc-141">
         <name>.text.xun</name>
         <load_address>0x36e0</load_address>
         <readonly>true</readonly>
         <executable>true</executable>
         <run_address>0x36e0</run_address>
         <size>0xe4</size>
         <alignment>0x4</alignment>
         <input_file_ref idref="fl-c"/>
      </object_component>
      <object_component id="oc-208">
         <name>.text.DL_SYSCTL_configSYSPLL</name>
         <load_address>0x37c4</load_address>
         <readonly>true</readonly>
         <executable>true</executable>
         <run_address>0x37c4</run_address>
         <size>0xdc</size>
         <alignment>0x4</alignment>
         <input_file_ref idref="fl-28"/>
      </object_component>
      <object_component id="oc-92">
         <name>.text.PID_caculate</name>
         <load_address>0x38a0</load_address>
         <readonly>true</readonly>
         <executable>true</executable>
         <run_address>0x38a0</run_address>
         <size>0xdc</size>
         <alignment>0x2</alignment>
         <input_file_ref idref="fl-d"/>
      </object_component>
      <object_component id="oc-176">
         <name>.text.SYSCFG_DL_PWM_ALL_init</name>
         <load_address>0x397c</load_address>
         <readonly>true</readonly>
         <executable>true</executable>
         <run_address>0x397c</run_address>
         <size>0xdc</size>
         <alignment>0x4</alignment>
         <input_file_ref idref="fl-2"/>
      </object_component>
      <object_component id="oc-335">
         <name>.text.scalbn</name>
         <load_address>0x3a58</load_address>
         <readonly>true</readonly>
         <executable>true</executable>
         <run_address>0x3a58</run_address>
         <size>0xd8</size>
         <alignment>0x4</alignment>
         <input_file_ref idref="fl-58"/>
      </object_component>
      <object_component id="oc-9d">
         <name>.text</name>
         <load_address>0x3b30</load_address>
         <readonly>true</readonly>
         <executable>true</executable>
         <run_address>0x3b30</run_address>
         <size>0xd8</size>
         <alignment>0x4</alignment>
         <input_file_ref idref="fl-10c"/>
      </object_component>
      <object_component id="oc-173">
         <name>.text.SYSCFG_DL_initPower</name>
         <load_address>0x3c08</load_address>
         <readonly>true</readonly>
         <executable>true</executable>
         <run_address>0x3c08</run_address>
         <size>0xd4</size>
         <alignment>0x4</alignment>
         <input_file_ref idref="fl-2"/>
      </object_component>
      <object_component id="oc-262">
         <name>.text.set_int_enable</name>
         <load_address>0x3cdc</load_address>
         <readonly>true</readonly>
         <executable>true</executable>
         <run_address>0x3cdc</run_address>
         <size>0xd4</size>
         <alignment>0x4</alignment>
         <input_file_ref idref="fl-4"/>
      </object_component>
      <object_component id="oc-25c">
         <name>.text.mpu_set_lpf</name>
         <load_address>0x3db0</load_address>
         <readonly>true</readonly>
         <executable>true</executable>
         <run_address>0x3db0</run_address>
         <size>0xd0</size>
         <alignment>0x4</alignment>
         <input_file_ref idref="fl-4"/>
      </object_component>
      <object_component id="oc-11f">
         <name>.text.oled_show</name>
         <load_address>0x3e80</load_address>
         <readonly>true</readonly>
         <executable>true</executable>
         <run_address>0x3e80</run_address>
         <size>0xcc</size>
         <alignment>0x4</alignment>
         <input_file_ref idref="fl-13"/>
      </object_component>
      <object_component id="oc-4d">
         <name>.text.UART0_IRQHandler</name>
         <load_address>0x3f4c</load_address>
         <readonly>true</readonly>
         <executable>true</executable>
         <run_address>0x3f4c</run_address>
         <size>0xc4</size>
         <alignment>0x4</alignment>
         <input_file_ref idref="fl-f"/>
      </object_component>
      <object_component id="oc-48">
         <name>.text.UART1_IRQHandler</name>
         <load_address>0x4010</load_address>
         <readonly>true</readonly>
         <executable>true</executable>
         <run_address>0x4010</run_address>
         <size>0xc4</size>
         <alignment>0x4</alignment>
         <input_file_ref idref="fl-f"/>
      </object_component>
      <object_component id="oc-25a">
         <name>.text.mpu_set_gyro_fsr</name>
         <load_address>0x40d4</load_address>
         <readonly>true</readonly>
         <executable>true</executable>
         <run_address>0x40d4</run_address>
         <size>0xc4</size>
         <alignment>0x4</alignment>
         <input_file_ref idref="fl-4"/>
      </object_component>
      <object_component id="oc-259">
         <name>.text.mspm0_i2c_write</name>
         <load_address>0x4198</load_address>
         <readonly>true</readonly>
         <executable>true</executable>
         <run_address>0x4198</run_address>
         <size>0xc4</size>
         <alignment>0x4</alignment>
         <input_file_ref idref="fl-7"/>
      </object_component>
      <object_component id="oc-192">
         <name>.text.mpu_configure_fifo</name>
         <load_address>0x425c</load_address>
         <readonly>true</readonly>
         <executable>true</executable>
         <run_address>0x425c</run_address>
         <size>0xbc</size>
         <alignment>0x4</alignment>
         <input_file_ref idref="fl-4"/>
      </object_component>
      <object_component id="oc-1a2">
         <name>.text.mpu_set_dmp_state</name>
         <load_address>0x4318</load_address>
         <readonly>true</readonly>
         <executable>true</executable>
         <run_address>0x4318</run_address>
         <size>0xb8</size>
         <alignment>0x4</alignment>
         <input_file_ref idref="fl-4"/>
      </object_component>
      <object_component id="oc-39">
         <name>.text.GROUP1_IRQHandler</name>
         <load_address>0x43d0</load_address>
         <readonly>true</readonly>
         <executable>true</executable>
         <run_address>0x43d0</run_address>
         <size>0xac</size>
         <alignment>0x4</alignment>
         <input_file_ref idref="fl-c"/>
      </object_component>
      <object_component id="oc-2c2">
         <name>.text.mpu_read_mem</name>
         <load_address>0x447c</load_address>
         <readonly>true</readonly>
         <executable>true</executable>
         <run_address>0x447c</run_address>
         <size>0xac</size>
         <alignment>0x4</alignment>
         <input_file_ref idref="fl-4"/>
      </object_component>
      <object_component id="oc-26e">
         <name>.text.mpu_write_mem</name>
         <load_address>0x4528</load_address>
         <readonly>true</readonly>
         <executable>true</executable>
         <run_address>0x4528</run_address>
         <size>0xac</size>
         <alignment>0x4</alignment>
         <input_file_ref idref="fl-4"/>
      </object_component>
      <object_component id="oc-32c">
         <name>.text</name>
         <load_address>0x45d4</load_address>
         <readonly>true</readonly>
         <executable>true</executable>
         <run_address>0x45d4</run_address>
         <size>0xa2</size>
         <alignment>0x4</alignment>
         <input_file_ref idref="fl-126"/>
      </object_component>
      <object_component id="oc-348">
         <name>.text.__aeabi_ldiv0</name>
         <load_address>0x4676</load_address>
         <readonly>true</readonly>
         <executable>true</executable>
         <run_address>0x4676</run_address>
         <size>0x2</size>
         <alignment>0x2</alignment>
         <input_file_ref idref="fl-12a"/>
      </object_component>
      <object_component id="oc-cd">
         <name>.text.get_sensor_actual</name>
         <load_address>0x4678</load_address>
         <readonly>true</readonly>
         <executable>true</executable>
         <run_address>0x4678</run_address>
         <size>0xa0</size>
         <alignment>0x4</alignment>
         <input_file_ref idref="fl-c"/>
      </object_component>
      <object_component id="oc-261">
         <name>.text.mpu_set_int_latched</name>
         <load_address>0x4718</load_address>
         <readonly>true</readonly>
         <executable>true</executable>
         <run_address>0x4718</run_address>
         <size>0x9c</size>
         <alignment>0x4</alignment>
         <input_file_ref idref="fl-4"/>
      </object_component>
      <object_component id="oc-1ad">
         <name>.text.OLED_WR_Byte</name>
         <load_address>0x47b4</load_address>
         <readonly>true</readonly>
         <executable>true</executable>
         <run_address>0x47b4</run_address>
         <size>0x98</size>
         <alignment>0x4</alignment>
         <input_file_ref idref="fl-14"/>
      </object_component>
      <object_component id="oc-1a1">
         <name>.text.dmp_set_fifo_rate</name>
         <load_address>0x484c</load_address>
         <readonly>true</readonly>
         <executable>true</executable>
         <run_address>0x484c</run_address>
         <size>0x98</size>
         <alignment>0x4</alignment>
         <input_file_ref idref="fl-5"/>
      </object_component>
      <object_component id="oc-26d">
         <name>.text.inv_row_2_scale</name>
         <load_address>0x48e4</load_address>
         <readonly>true</readonly>
         <executable>true</executable>
         <run_address>0x48e4</run_address>
         <size>0x96</size>
         <alignment>0x2</alignment>
         <input_file_ref idref="fl-6"/>
      </object_component>
      <object_component id="oc-177">
         <name>.text.SYSCFG_DL_PWM_SERVO_init</name>
         <load_address>0x497c</load_address>
         <readonly>true</readonly>
         <executable>true</executable>
         <run_address>0x497c</run_address>
         <size>0x90</size>
         <alignment>0x4</alignment>
         <input_file_ref idref="fl-2"/>
      </object_component>
      <object_component id="oc-2cb">
         <name>.text.__mulsf3</name>
         <load_address>0x4a0c</load_address>
         <readonly>true</readonly>
         <executable>true</executable>
         <run_address>0x4a0c</run_address>
         <size>0x8c</size>
         <alignment>0x4</alignment>
         <input_file_ref idref="fl-110"/>
      </object_component>
      <object_component id="oc-184">
         <name>.text.__NVIC_SetPriority</name>
         <load_address>0x4a98</load_address>
         <readonly>true</readonly>
         <executable>true</executable>
         <run_address>0x4a98</run_address>
         <size>0x84</size>
         <alignment>0x4</alignment>
         <input_file_ref idref="fl-11"/>
      </object_component>
      <object_component id="oc-210">
         <name>.text.__NVIC_SetPriority</name>
         <load_address>0x4b1c</load_address>
         <readonly>true</readonly>
         <executable>true</executable>
         <run_address>0x4b1c</run_address>
         <size>0x84</size>
         <alignment>0x4</alignment>
         <input_file_ref idref="fl-2"/>
      </object_component>
      <object_component id="oc-146">
         <name>.text.__divsf3</name>
         <load_address>0x4ba0</load_address>
         <readonly>true</readonly>
         <executable>true</executable>
         <run_address>0x4ba0</run_address>
         <size>0x82</size>
         <alignment>0x4</alignment>
         <input_file_ref idref="fl-111"/>
      </object_component>
      <object_component id="oc-11c">
         <name>.text.Timer_work</name>
         <load_address>0x4c24</load_address>
         <readonly>true</readonly>
         <executable>true</executable>
         <run_address>0x4c24</run_address>
         <size>0x80</size>
         <alignment>0x4</alignment>
         <input_file_ref idref="fl-13"/>
      </object_component>
      <object_component id="oc-1c">
         <name>.text:decompress:lzss</name>
         <load_address>0x4ca4</load_address>
         <readonly>true</readonly>
         <executable>true</executable>
         <run_address>0x4ca4</run_address>
         <size>0x7c</size>
         <alignment>0x4</alignment>
         <input_file_ref idref="fl-54"/>
      </object_component>
      <object_component id="oc-11e">
         <name>.text.key_work</name>
         <load_address>0x4d20</load_address>
         <readonly>true</readonly>
         <executable>true</executable>
         <run_address>0x4d20</run_address>
         <size>0x78</size>
         <alignment>0x4</alignment>
         <input_file_ref idref="fl-13"/>
      </object_component>
      <object_component id="oc-154">
         <name>.text.__gedf2</name>
         <load_address>0x4d98</load_address>
         <readonly>true</readonly>
         <executable>true</executable>
         <run_address>0x4d98</run_address>
         <size>0x74</size>
         <alignment>0x4</alignment>
         <input_file_ref idref="fl-128"/>
      </object_component>
      <object_component id="oc-33">
         <name>.text.Default_Handler</name>
         <load_address>0x4e0c</load_address>
         <readonly>true</readonly>
         <executable>true</executable>
         <run_address>0x4e0c</run_address>
         <size>0x4</size>
         <alignment>0x2</alignment>
         <input_file_ref idref="fl-3"/>
      </object_component>
      <object_component id="oc-142">
         <name>.text.__truncdfsf2</name>
         <load_address>0x4e10</load_address>
         <readonly>true</readonly>
         <executable>true</executable>
         <run_address>0x4e10</run_address>
         <size>0x74</size>
         <alignment>0x10</alignment>
         <input_file_ref idref="fl-11c"/>
      </object_component>
      <object_component id="oc-196">
         <name>.text.mpu_get_accel_fsr</name>
         <load_address>0x4e84</load_address>
         <readonly>true</readonly>
         <executable>true</executable>
         <run_address>0x4e84</run_address>
         <size>0x74</size>
         <alignment>0x4</alignment>
         <input_file_ref idref="fl-4"/>
      </object_component>
      <object_component id="oc-1be">
         <name>.text.OLED_ShowString</name>
         <load_address>0x4ef8</load_address>
         <readonly>true</readonly>
         <executable>true</executable>
         <run_address>0x4ef8</run_address>
         <size>0x70</size>
         <alignment>0x2</alignment>
         <input_file_ref idref="fl-14"/>
      </object_component>
      <object_component id="oc-97">
         <name>.text.constrain_double</name>
         <load_address>0x4f68</load_address>
         <readonly>true</readonly>
         <executable>true</executable>
         <run_address>0x4f68</run_address>
         <size>0x70</size>
         <alignment>0x2</alignment>
         <input_file_ref idref="fl-d"/>
      </object_component>
      <object_component id="oc-1ae">
         <name>.text.OLED_Clear</name>
         <load_address>0x4fd8</load_address>
         <readonly>true</readonly>
         <executable>true</executable>
         <run_address>0x4fd8</run_address>
         <size>0x6a</size>
         <alignment>0x2</alignment>
         <input_file_ref idref="fl-14"/>
      </object_component>
      <object_component id="oc-17d">
         <name>.text.SYSCFG_DL_ADC12_CCD_init</name>
         <load_address>0x5044</load_address>
         <readonly>true</readonly>
         <executable>true</executable>
         <run_address>0x5044</run_address>
         <size>0x68</size>
         <alignment>0x4</alignment>
         <input_file_ref idref="fl-2"/>
      </object_component>
      <object_component id="oc-17e">
         <name>.text.SYSCFG_DL_ADC12_VOLTAGE_init</name>
         <load_address>0x50ac</load_address>
         <readonly>true</readonly>
         <executable>true</executable>
         <run_address>0x50ac</run_address>
         <size>0x68</size>
         <alignment>0x4</alignment>
         <input_file_ref idref="fl-2"/>
      </object_component>
      <object_component id="oc-14e">
         <name>.text.__ledf2</name>
         <load_address>0x5114</load_address>
         <readonly>true</readonly>
         <executable>true</executable>
         <run_address>0x5114</run_address>
         <size>0x68</size>
         <alignment>0x4</alignment>
         <input_file_ref idref="fl-128"/>
      </object_component>
      <object_component id="oc-341">
         <name>.text._mcpy</name>
         <load_address>0x517c</load_address>
         <readonly>true</readonly>
         <executable>true</executable>
         <run_address>0x517c</run_address>
         <size>0x66</size>
         <alignment>0x2</alignment>
         <input_file_ref idref="fl-55"/>
      </object_component>
      <object_component id="oc-272">
         <name>.text.dmp_set_tap_axes</name>
         <load_address>0x51e2</load_address>
         <readonly>true</readonly>
         <executable>true</executable>
         <run_address>0x51e2</run_address>
         <size>0x66</size>
         <alignment>0x2</alignment>
         <input_file_ref idref="fl-5"/>
      </object_component>
      <object_component id="oc-1ab">
         <name>.text.oled_i2c_sda_unlock</name>
         <load_address>0x5248</load_address>
         <readonly>true</readonly>
         <executable>true</executable>
         <run_address>0x5248</run_address>
         <size>0x64</size>
         <alignment>0x4</alignment>
         <input_file_ref idref="fl-14"/>
      </object_component>
      <object_component id="oc-d2">
         <name>.text.__aeabi_dcmp</name>
         <load_address>0x52ac</load_address>
         <readonly>true</readonly>
         <executable>true</executable>
         <run_address>0x52ac</run_address>
         <size>0x62</size>
         <alignment>0x4</alignment>
         <input_file_ref idref="fl-11d"/>
      </object_component>
      <object_component id="oc-99">
         <name>.text.__aeabi_fcmp</name>
         <load_address>0x5310</load_address>
         <readonly>true</readonly>
         <executable>true</executable>
         <run_address>0x5310</run_address>
         <size>0x62</size>
         <alignment>0x4</alignment>
         <input_file_ref idref="fl-11e"/>
      </object_component>
      <object_component id="oc-17b">
         <name>.text.SYSCFG_DL_UART_0_init</name>
         <load_address>0x5374</load_address>
         <readonly>true</readonly>
         <executable>true</executable>
         <run_address>0x5374</run_address>
         <size>0x60</size>
         <alignment>0x4</alignment>
         <input_file_ref idref="fl-2"/>
      </object_component>
      <object_component id="oc-17c">
         <name>.text.SYSCFG_DL_UART_1_init</name>
         <load_address>0x53d4</load_address>
         <readonly>true</readonly>
         <executable>true</executable>
         <run_address>0x53d4</run_address>
         <size>0x60</size>
         <alignment>0x4</alignment>
         <input_file_ref idref="fl-2"/>
      </object_component>
      <object_component id="oc-270">
         <name>.text.dmp_enable_gyro_cal</name>
         <load_address>0x5434</load_address>
         <readonly>true</readonly>
         <executable>true</executable>
         <run_address>0x5434</run_address>
         <size>0x60</size>
         <alignment>0x4</alignment>
         <input_file_ref idref="fl-5"/>
      </object_component>
      <object_component id="oc-186">
         <name>.text.mpu6050_i2c_sda_unlock</name>
         <load_address>0x5494</load_address>
         <readonly>true</readonly>
         <executable>true</executable>
         <run_address>0x5494</run_address>
         <size>0x60</size>
         <alignment>0x4</alignment>
         <input_file_ref idref="fl-7"/>
      </object_component>
      <object_component id="oc-195">
         <name>.text.mpu_get_gyro_fsr</name>
         <load_address>0x54f4</load_address>
         <readonly>true</readonly>
         <executable>true</executable>
         <run_address>0x54f4</run_address>
         <size>0x60</size>
         <alignment>0x4</alignment>
         <input_file_ref idref="fl-4"/>
      </object_component>
      <object_component id="oc-281">
         <name>.text.DL_I2C_fillControllerTXFIFO</name>
         <load_address>0x5554</load_address>
         <readonly>true</readonly>
         <executable>true</executable>
         <run_address>0x5554</run_address>
         <size>0x5e</size>
         <alignment>0x2</alignment>
         <input_file_ref idref="fl-25"/>
      </object_component>
      <object_component id="oc-331">
         <name>.text.frexp</name>
         <load_address>0x55b4</load_address>
         <readonly>true</readonly>
         <executable>true</executable>
         <run_address>0x55b4</run_address>
         <size>0x5c</size>
         <alignment>0x4</alignment>
         <input_file_ref idref="fl-57"/>
      </object_component>
      <object_component id="oc-256">
         <name>.text.mspm0_i2c_enable</name>
         <load_address>0x5610</load_address>
         <readonly>true</readonly>
         <executable>true</executable>
         <run_address>0x5610</run_address>
         <size>0x5c</size>
         <alignment>0x4</alignment>
         <input_file_ref idref="fl-7"/>
      </object_component>
      <object_component id="oc-27f">
         <name>.text.mspm0_i2c_enable</name>
         <load_address>0x566c</load_address>
         <readonly>true</readonly>
         <executable>true</executable>
         <run_address>0x566c</run_address>
         <size>0x5c</size>
         <alignment>0x4</alignment>
         <input_file_ref idref="fl-14"/>
      </object_component>
      <object_component id="oc-114">
         <name>.text.Pid_Init</name>
         <load_address>0x56c8</load_address>
         <readonly>true</readonly>
         <executable>true</executable>
         <run_address>0x56c8</run_address>
         <size>0x58</size>
         <alignment>0x4</alignment>
         <input_file_ref idref="fl-d"/>
      </object_component>
      <object_component id="oc-17a">
         <name>.text.SYSCFG_DL_I2C_MPU6050_init</name>
         <load_address>0x5720</load_address>
         <readonly>true</readonly>
         <executable>true</executable>
         <run_address>0x5720</run_address>
         <size>0x58</size>
         <alignment>0x4</alignment>
         <input_file_ref idref="fl-2"/>
      </object_component>
      <object_component id="oc-179">
         <name>.text.SYSCFG_DL_I2C_OLED_init</name>
         <load_address>0x5778</load_address>
         <readonly>true</readonly>
         <executable>true</executable>
         <run_address>0x5778</run_address>
         <size>0x58</size>
         <alignment>0x4</alignment>
         <input_file_ref idref="fl-2"/>
      </object_component>
      <object_component id="oc-339">
         <name>.text.__TI_ltoa</name>
         <load_address>0x57d0</load_address>
         <readonly>true</readonly>
         <executable>true</executable>
         <run_address>0x57d0</run_address>
         <size>0x58</size>
         <alignment>0x2</alignment>
         <input_file_ref idref="fl-5d"/>
      </object_component>
      <object_component id="oc-31b">
         <name>.text._pconv_f</name>
         <load_address>0x5828</load_address>
         <readonly>true</readonly>
         <executable>true</executable>
         <run_address>0x5828</run_address>
         <size>0x58</size>
         <alignment>0x2</alignment>
         <input_file_ref idref="fl-55"/>
      </object_component>
      <object_component id="oc-2d3">
         <name>.text.__aeabi_idivmod</name>
         <load_address>0x5880</load_address>
         <readonly>true</readonly>
         <executable>true</executable>
         <run_address>0x5880</run_address>
         <size>0x56</size>
         <alignment>0x4</alignment>
         <input_file_ref idref="fl-11f"/>
      </object_component>
      <object_component id="oc-33f">
         <name>.text._ecpy</name>
         <load_address>0x58d6</load_address>
         <readonly>true</readonly>
         <executable>true</executable>
         <run_address>0x58d6</run_address>
         <size>0x52</size>
         <alignment>0x2</alignment>
         <input_file_ref idref="fl-55"/>
      </object_component>
      <object_component id="oc-2b6">
         <name>.text.DL_I2C_startControllerTransfer</name>
         <load_address>0x5928</load_address>
         <readonly>true</readonly>
         <executable>true</executable>
         <run_address>0x5928</run_address>
         <size>0x50</size>
         <alignment>0x4</alignment>
         <input_file_ref idref="fl-7"/>
      </object_component>
      <object_component id="oc-284">
         <name>.text.DL_I2C_startControllerTransfer</name>
         <load_address>0x5978</load_address>
         <readonly>true</readonly>
         <executable>true</executable>
         <run_address>0x5978</run_address>
         <size>0x50</size>
         <alignment>0x4</alignment>
         <input_file_ref idref="fl-14"/>
      </object_component>
      <object_component id="oc-183">
         <name>.text.SysTick_Config</name>
         <load_address>0x59c8</load_address>
         <readonly>true</readonly>
         <executable>true</executable>
         <run_address>0x59c8</run_address>
         <size>0x50</size>
         <alignment>0x4</alignment>
         <input_file_ref idref="fl-11"/>
      </object_component>
      <object_component id="oc-249">
         <name>.text.DL_ADC12_initSingleSample</name>
         <load_address>0x5a18</load_address>
         <readonly>true</readonly>
         <executable>true</executable>
         <run_address>0x5a18</run_address>
         <size>0x4c</size>
         <alignment>0x4</alignment>
         <input_file_ref idref="fl-2"/>
      </object_component>
      <object_component id="oc-239">
         <name>.text.DL_UART_setBaudRateDivisor</name>
         <load_address>0x5a64</load_address>
         <readonly>true</readonly>
         <executable>true</executable>
         <run_address>0x5a64</run_address>
         <size>0x4c</size>
         <alignment>0x4</alignment>
         <input_file_ref idref="fl-2"/>
      </object_component>
      <object_component id="oc-101">
         <name>.text.SYSCFG_DL_init</name>
         <load_address>0x5ab0</load_address>
         <readonly>true</readonly>
         <executable>true</executable>
         <run_address>0x5ab0</run_address>
         <size>0x4c</size>
         <alignment>0x4</alignment>
         <input_file_ref idref="fl-2"/>
      </object_component>
      <object_component id="oc-24a">
         <name>.text.DL_ADC12_configConversionMem</name>
         <load_address>0x5afc</load_address>
         <readonly>true</readonly>
         <executable>true</executable>
         <run_address>0x5afc</run_address>
         <size>0x4a</size>
         <alignment>0x2</alignment>
         <input_file_ref idref="fl-2"/>
      </object_component>
      <object_component id="oc-da">
         <name>.text.__fixdfsi</name>
         <load_address>0x5b48</load_address>
         <readonly>true</readonly>
         <executable>true</executable>
         <run_address>0x5b48</run_address>
         <size>0x4a</size>
         <alignment>0x4</alignment>
         <input_file_ref idref="fl-114"/>
      </object_component>
      <object_component id="oc-237">
         <name>.text.DL_UART_init</name>
         <load_address>0x5b94</load_address>
         <readonly>true</readonly>
         <executable>true</executable>
         <run_address>0x5b94</run_address>
         <size>0x48</size>
         <alignment>0x4</alignment>
         <input_file_ref idref="fl-27"/>
      </object_component>
      <object_component id="oc-175">
         <name>.text.SYSCFG_DL_SYSCTL_init</name>
         <load_address>0x5bdc</load_address>
         <readonly>true</readonly>
         <executable>true</executable>
         <run_address>0x5bdc</run_address>
         <size>0x48</size>
         <alignment>0x4</alignment>
         <input_file_ref idref="fl-2"/>
      </object_component>
      <object_component id="oc-27a">
         <name>.text.dmp_enable_6x_lp_quat</name>
         <load_address>0x5c24</load_address>
         <readonly>true</readonly>
         <executable>true</executable>
         <run_address>0x5c24</run_address>
         <size>0x48</size>
         <alignment>0x4</alignment>
         <input_file_ref idref="fl-5"/>
      </object_component>
      <object_component id="oc-279">
         <name>.text.dmp_enable_lp_quat</name>
         <load_address>0x5c6c</load_address>
         <readonly>true</readonly>
         <executable>true</executable>
         <run_address>0x5c6c</run_address>
         <size>0x48</size>
         <alignment>0x4</alignment>
         <input_file_ref idref="fl-5"/>
      </object_component>
      <object_component id="oc-27b">
         <name>.text.mspm0_i2c_disable</name>
         <load_address>0x5cb4</load_address>
         <readonly>true</readonly>
         <executable>true</executable>
         <run_address>0x5cb4</run_address>
         <size>0x48</size>
         <alignment>0x4</alignment>
         <input_file_ref idref="fl-14"/>
      </object_component>
      <object_component id="oc-20f">
         <name>.text.DL_SYSCTL_switchMCLKfromSYSOSCtoHSCLK</name>
         <load_address>0x5cfc</load_address>
         <readonly>true</readonly>
         <executable>true</executable>
         <run_address>0x5cfc</run_address>
         <size>0x44</size>
         <alignment>0x4</alignment>
         <input_file_ref idref="fl-28"/>
      </object_component>
      <object_component id="oc-276">
         <name>.text.dmp_set_shake_reject_thresh</name>
         <load_address>0x5d40</load_address>
         <readonly>true</readonly>
         <executable>true</executable>
         <run_address>0x5d40</run_address>
         <size>0x44</size>
         <alignment>0x2</alignment>
         <input_file_ref idref="fl-5"/>
      </object_component>
      <object_component id="oc-273">
         <name>.text.dmp_set_tap_count</name>
         <load_address>0x5d84</load_address>
         <readonly>true</readonly>
         <executable>true</executable>
         <run_address>0x5d84</run_address>
         <size>0x44</size>
         <alignment>0x2</alignment>
         <input_file_ref idref="fl-5"/>
      </object_component>
      <object_component id="oc-251">
         <name>.text.mspm0_i2c_disable</name>
         <load_address>0x5dc8</load_address>
         <readonly>true</readonly>
         <executable>true</executable>
         <run_address>0x5dc8</run_address>
         <size>0x44</size>
         <alignment>0x4</alignment>
         <input_file_ref idref="fl-7"/>
      </object_component>
      <object_component id="oc-161">
         <name>.text.__fixunsdfsi</name>
         <load_address>0x5e0c</load_address>
         <readonly>true</readonly>
         <executable>true</executable>
         <run_address>0x5e0c</run_address>
         <size>0x42</size>
         <alignment>0x4</alignment>
         <input_file_ref idref="fl-116"/>
      </object_component>
      <object_component id="oc-de">
         <name>.text.Car_setspeed</name>
         <load_address>0x5e50</load_address>
         <readonly>true</readonly>
         <executable>true</executable>
         <run_address>0x5e50</run_address>
         <size>0x40</size>
         <alignment>0x4</alignment>
         <input_file_ref idref="fl-c"/>
      </object_component>
      <object_component id="oc-243">
         <name>.text.DL_ADC12_setClockConfig</name>
         <load_address>0x5e90</load_address>
         <readonly>true</readonly>
         <executable>true</executable>
         <run_address>0x5e90</run_address>
         <size>0x40</size>
         <alignment>0x4</alignment>
         <input_file_ref idref="fl-23"/>
      </object_component>
      <object_component id="oc-265">
         <name>.text.__aeabi_uidivmod</name>
         <load_address>0x5ed0</load_address>
         <readonly>true</readonly>
         <executable>true</executable>
         <run_address>0x5ed0</run_address>
         <size>0x40</size>
         <alignment>0x4</alignment>
         <input_file_ref idref="fl-123"/>
      </object_component>
      <object_component id="oc-ce">
         <name>.text.__extendsfdf2</name>
         <load_address>0x5f10</load_address>
         <readonly>true</readonly>
         <executable>true</executable>
         <run_address>0x5f10</run_address>
         <size>0x40</size>
         <alignment>0x4</alignment>
         <input_file_ref idref="fl-113"/>
      </object_component>
      <object_component id="oc-303">
         <name>.text.atoi</name>
         <load_address>0x5f50</load_address>
         <readonly>true</readonly>
         <executable>true</executable>
         <run_address>0x5f50</run_address>
         <size>0x40</size>
         <alignment>0x4</alignment>
         <input_file_ref idref="fl-46"/>
      </object_component>
      <object_component id="oc-19c">
         <name>.text.inv_orientation_matrix_to_scalar</name>
         <load_address>0x5f90</load_address>
         <readonly>true</readonly>
         <executable>true</executable>
         <run_address>0x5f90</run_address>
         <size>0x3e</size>
         <alignment>0x2</alignment>
         <input_file_ref idref="fl-6"/>
      </object_component>
      <object_component id="oc-2b0">
         <name>.text.DL_GPIO_initPeripheralInputFunctionFeatures</name>
         <load_address>0x5fd0</load_address>
         <readonly>true</readonly>
         <executable>true</executable>
         <run_address>0x5fd0</run_address>
         <size>0x3c</size>
         <alignment>0x4</alignment>
         <input_file_ref idref="fl-7"/>
      </object_component>
      <object_component id="oc-2db">
         <name>.text.DL_GPIO_initPeripheralInputFunctionFeatures</name>
         <load_address>0x600c</load_address>
         <readonly>true</readonly>
         <executable>true</executable>
         <run_address>0x600c</run_address>
         <size>0x3c</size>
         <alignment>0x4</alignment>
         <input_file_ref idref="fl-14"/>
      </object_component>
      <object_component id="oc-1f9">
         <name>.text.DL_GPIO_initPeripheralInputFunctionFeatures</name>
         <load_address>0x6048</load_address>
         <readonly>true</readonly>
         <executable>true</executable>
         <run_address>0x6048</run_address>
         <size>0x3c</size>
         <alignment>0x4</alignment>
         <input_file_ref idref="fl-2"/>
      </object_component>
      <object_component id="oc-2ef">
         <name>.text.DL_I2C_flushControllerTXFIFO</name>
         <load_address>0x6084</load_address>
         <readonly>true</readonly>
         <executable>true</executable>
         <run_address>0x6084</run_address>
         <size>0x3c</size>
         <alignment>0x4</alignment>
         <input_file_ref idref="fl-25"/>
      </object_component>
      <object_component id="oc-214">
         <name>.text.DL_Timer_setCounterControl</name>
         <load_address>0x60c0</load_address>
         <readonly>true</readonly>
         <executable>true</executable>
         <run_address>0x60c0</run_address>
         <size>0x3c</size>
         <alignment>0x4</alignment>
         <input_file_ref idref="fl-2"/>
      </object_component>
      <object_component id="oc-2e1">
         <name>.text.OLED_Set_Pos</name>
         <load_address>0x60fc</load_address>
         <readonly>true</readonly>
         <executable>true</executable>
         <run_address>0x60fc</run_address>
         <size>0x3c</size>
         <alignment>0x2</alignment>
         <input_file_ref idref="fl-14"/>
      </object_component>
      <object_component id="oc-f0">
         <name>.text.__gtsf2</name>
         <load_address>0x6138</load_address>
         <readonly>true</readonly>
         <executable>true</executable>
         <run_address>0x6138</run_address>
         <size>0x3c</size>
         <alignment>0x4</alignment>
         <input_file_ref idref="fl-125"/>
      </object_component>
      <object_component id="oc-12f">
         <name>.text:__TI_auto_init_nobinit_nopinit</name>
         <load_address>0x6174</load_address>
         <readonly>true</readonly>
         <executable>true</executable>
         <run_address>0x6174</run_address>
         <size>0x3c</size>
         <alignment>0x4</alignment>
         <input_file_ref idref="fl-4f"/>
      </object_component>
      <object_component id="oc-eb">
         <name>.text.__eqsf2</name>
         <load_address>0x61b0</load_address>
         <readonly>true</readonly>
         <executable>true</executable>
         <run_address>0x61b0</run_address>
         <size>0x3a</size>
         <alignment>0x4</alignment>
         <input_file_ref idref="fl-125"/>
      </object_component>
      <object_component id="oc-15c">
         <name>.text.__muldsi3</name>
         <load_address>0x61ec</load_address>
         <readonly>true</readonly>
         <executable>true</executable>
         <run_address>0x61ec</run_address>
         <size>0x3a</size>
         <alignment>0x4</alignment>
         <input_file_ref idref="fl-10f"/>
      </object_component>
      <object_component id="oc-2cf">
         <name>.text.__fixsfsi</name>
         <load_address>0x6228</load_address>
         <readonly>true</readonly>
         <executable>true</executable>
         <run_address>0x6228</run_address>
         <size>0x38</size>
         <alignment>0x4</alignment>
         <input_file_ref idref="fl-115"/>
      </object_component>
      <object_component id="oc-1bf">
         <name>.text.sprintf</name>
         <load_address>0x6260</load_address>
         <readonly>true</readonly>
         <executable>true</executable>
         <run_address>0x6260</run_address>
         <size>0x38</size>
         <alignment>0x4</alignment>
         <input_file_ref idref="fl-3f"/>
      </object_component>
      <object_component id="oc-2ad">
         <name>.text.DL_GPIO_initDigitalInputFeatures</name>
         <load_address>0x6298</load_address>
         <readonly>true</readonly>
         <executable>true</executable>
         <run_address>0x6298</run_address>
         <size>0x34</size>
         <alignment>0x4</alignment>
         <input_file_ref idref="fl-7"/>
      </object_component>
      <object_component id="oc-2d9">
         <name>.text.DL_GPIO_initDigitalInputFeatures</name>
         <load_address>0x62cc</load_address>
         <readonly>true</readonly>
         <executable>true</executable>
         <run_address>0x62cc</run_address>
         <size>0x34</size>
         <alignment>0x4</alignment>
         <input_file_ref idref="fl-14"/>
      </object_component>
      <object_component id="oc-1fc">
         <name>.text.DL_GPIO_initDigitalInputFeatures</name>
         <load_address>0x6300</load_address>
         <readonly>true</readonly>
         <executable>true</executable>
         <run_address>0x6300</run_address>
         <size>0x34</size>
         <alignment>0x4</alignment>
         <input_file_ref idref="fl-2"/>
      </object_component>
      <object_component id="oc-178">
         <name>.text.SYSCFG_DL_TIMER_0_init</name>
         <load_address>0x6334</load_address>
         <readonly>true</readonly>
         <executable>true</executable>
         <run_address>0x6334</run_address>
         <size>0x34</size>
         <alignment>0x4</alignment>
         <input_file_ref idref="fl-2"/>
      </object_component>
      <object_component id="oc-194">
         <name>.text.mpu_get_sample_rate</name>
         <load_address>0x6368</load_address>
         <readonly>true</readonly>
         <executable>true</executable>
         <run_address>0x6368</run_address>
         <size>0x34</size>
         <alignment>0x4</alignment>
         <input_file_ref idref="fl-4"/>
      </object_component>
      <object_component id="oc-277">
         <name>.text.dmp_set_shake_reject_time</name>
         <load_address>0x639c</load_address>
         <readonly>true</readonly>
         <executable>true</executable>
         <run_address>0x639c</run_address>
         <size>0x32</size>
[...]
      <symbol id="sm-447">
         <name>__TI_ATRegion0_region_sz</name>
         <value>0x0</value>
      </symbol>
      <symbol id="sm-448">
         <name>__TI_ATRegion1_src_addr</name>
         <value>0x0</value>
      </symbol>
      <symbol id="sm-449">
         <name>__TI_ATRegion1_trg_addr</name>
         <value>0x0</value>
      </symbol>
      <symbol id="sm-44a">
         <name>__TI_ATRegion1_region_sz</name>
         <value>0x0</value>
      </symbol>
      <symbol id="sm-44b">
         <name>__TI_ATRegion2_src_addr</name>
         <value>0x0</value>
      </symbol>
      <symbol id="sm-44c">
         <name>__TI_ATRegion2_trg_addr</name>
         <value>0x0</value>
      </symbol>
      <symbol id="sm-44d">
         <name>__TI_ATRegion2_region_sz</name>
         <value>0x0</value>
      </symbol>
      <symbol id="sm-458">
         <name>DL_ADC12_setClockConfig</name>
         <value>0x5e91</value>
         <object_component_ref idref="oc-243"/>
      </symbol>
      <symbol id="sm-461">
         <name>DL_Common_delayCycles</name>
         <value>0x7289</value>
         <object_component_ref idref="oc-1f3"/>
      </symbol>
      <symbol id="sm-470">
         <name>DL_I2C_setClockConfig</name>
         <value>0x675f</value>
         <object_component_ref idref="oc-221"/>
      </symbol>
      <symbol id="sm-471">
         <name>DL_I2C_fillControllerTXFIFO</name>
         <value>0x5555</value>
         <object_component_ref idref="oc-281"/>
      </symbol>
      <symbol id="sm-472">
         <name>DL_I2C_flushControllerTXFIFO</name>
         <value>0x6085</value>
         <object_component_ref idref="oc-2ef"/>
      </symbol>
      <symbol id="sm-48e">
         <name>DL_Timer_setClockConfig</name>
         <value>0x6af5</value>
         <object_component_ref idref="oc-212"/>
      </symbol>
      <symbol id="sm-48f">
         <name>DL_Timer_initTimerMode</name>
         <value>0x3431</value>
         <object_component_ref idref="oc-21d"/>
      </symbol>
      <symbol id="sm-490">
         <name>DL_Timer_setCaptureCompareValue</name>
         <value>0x7211</value>
         <object_component_ref idref="oc-165"/>
      </symbol>
      <symbol id="sm-491">
         <name>DL_Timer_setCaptCompUpdateMethod</name>
         <value>0x6ad9</value>
         <object_component_ref idref="oc-216"/>
      </symbol>
      <symbol id="sm-492">
         <name>DL_Timer_setCaptureCompareOutCtl</name>
         <value>0x6e95</value>
         <object_component_ref idref="oc-215"/>
      </symbol>
      <symbol id="sm-493">
         <name>DL_Timer_initFourCCPWMMode</name>
         <value>0x2f51</value>
         <object_component_ref idref="oc-213"/>
      </symbol>
      <symbol id="sm-4a0">
         <name>DL_UART_init</name>
         <value>0x5b95</value>
         <object_component_ref idref="oc-237"/>
      </symbol>
      <symbol id="sm-4a1">
         <name>DL_UART_setClockConfig</name>
         <value>0x71cb</value>
         <object_component_ref idref="oc-231"/>
      </symbol>
      <symbol id="sm-4af">
         <name>DL_SYSCTL_configSYSPLL</name>
         <value>0x37c5</value>
         <object_component_ref idref="oc-208"/>
      </symbol>
      <symbol id="sm-4b0">
         <name>DL_SYSCTL_switchMCLKfromSYSOSCtoHSCLK</name>
         <value>0x5cfd</value>
         <object_component_ref idref="oc-20f"/>
      </symbol>
      <symbol id="sm-4c1">
         <name>sprintf</name>
         <value>0x6261</value>
         <object_component_ref idref="oc-1bf"/>
      </symbol>
      <symbol id="sm-4d0">
         <name>__aeabi_errno_addr</name>
         <value>0x72cd</value>
         <object_component_ref idref="oc-30b"/>
      </symbol>
      <symbol id="sm-4d1">
         <name>__aeabi_errno</name>
         <value>0x2020044c</value>
         <object_component_ref idref="oc-327"/>
      </symbol>
      <symbol id="sm-4dc">
         <name>atoi</name>
         <value>0x5f51</value>
         <object_component_ref idref="oc-303"/>
      </symbol>
      <symbol id="sm-4e6">
         <name>memcmp</name>
         <value>0x68b9</value>
         <object_component_ref idref="oc-2c3"/>
      </symbol>
      <symbol id="sm-4f5">
         <name>_c_int00_noargs</name>
         <value>0x6711</value>
         <object_component_ref idref="oc-6a"/>
      </symbol>
      <symbol id="sm-4f6">
         <name>__stack</name>
         <value>0x20207e00</value>
         <object_component_ref idref="oc-1a"/>
      </symbol>
      <symbol id="sm-505">
         <name>__TI_auto_init_nobinit_nopinit</name>
         <value>0x6175</value>
         <object_component_ref idref="oc-12f"/>
      </symbol>
      <symbol id="sm-50d">
         <name>_system_pre_init</name>
         <value>0x72fd</value>
         <object_component_ref idref="oc-ba"/>
      </symbol>
      <symbol id="sm-518">
         <name>__TI_zero_init_nomemset</name>
         <value>0x6fef</value>
         <object_component_ref idref="oc-61"/>
      </symbol>
      <symbol id="sm-521">
         <name>__TI_decompress_none</name>
         <value>0x71ef</value>
         <object_component_ref idref="oc-20"/>
      </symbol>
      <symbol id="sm-52c">
         <name>__TI_decompress_lzss</name>
         <value>0x4ca5</value>
         <object_component_ref idref="oc-1c"/>
      </symbol>
      <symbol id="sm-575">
         <name>__TI_printfi</name>
         <value>0xc1</value>
         <object_component_ref idref="oc-2eb"/>
      </symbol>
      <symbol id="sm-580">
         <name>frexp</name>
         <value>0x55b5</value>
         <object_component_ref idref="oc-331"/>
      </symbol>
      <symbol id="sm-581">
         <name>frexpl</name>
         <value>0x55b5</value>
         <object_component_ref idref="oc-331"/>
      </symbol>
      <symbol id="sm-58b">
         <name>scalbn</name>
         <value>0x3a59</value>
         <object_component_ref idref="oc-335"/>
      </symbol>
      <symbol id="sm-58c">
         <name>ldexp</name>
         <value>0x3a59</value>
         <object_component_ref idref="oc-335"/>
      </symbol>
      <symbol id="sm-58d">
         <name>scalbnl</name>
         <value>0x3a59</value>
         <object_component_ref idref="oc-335"/>
      </symbol>
      <symbol id="sm-58e">
         <name>ldexpl</name>
         <value>0x3a59</value>
         <object_component_ref idref="oc-335"/>
      </symbol>
      <symbol id="sm-597">
         <name>wcslen</name>
         <value>0x7241</value>
         <object_component_ref idref="oc-307"/>
      </symbol>
      <symbol id="sm-598">
         <name>__aeabi_ctype_table_</name>
         <value>0x8710</value>
         <object_component_ref idref="oc-320"/>
      </symbol>
      <symbol id="sm-599">
         <name>__aeabi_ctype_table_C</name>
         <value>0x8710</value>
         <object_component_ref idref="oc-320"/>
      </symbol>
      <symbol id="sm-5a3">
         <name>abort</name>
         <value>0x72dd</value>
         <object_component_ref idref="oc-128"/>
      </symbol>
      <symbol id="sm-5ad">
         <name>__TI_ltoa</name>
         <value>0x57d1</value>
         <object_component_ref idref="oc-339"/>
      </symbol>
      <symbol id="sm-5b7">
         <name>memccpy</name>
         <value>0x6815</value>
         <object_component_ref idref="oc-2fc"/>
      </symbol>
      <symbol id="sm-5c1">
         <name>HOSTexit</name>
         <value>0x72e3</value>
         <object_component_ref idref="oc-1cb"/>
      </symbol>
      <symbol id="sm-5c2">
         <name>C$$EXIT</name>
         <value>0x72e2</value>
         <object_component_ref idref="oc-1cb"/>
      </symbol>
      <symbol id="sm-5d2">
         <name>__aeabi_fadd</name>
         <value>0x3b3b</value>
         <object_component_ref idref="oc-9d"/>
      </symbol>
      <symbol id="sm-5d3">
         <name>__addsf3</name>
         <value>0x3b3b</value>
         <object_component_ref idref="oc-9d"/>
      </symbol>
      <symbol id="sm-5d4">
         <name>__aeabi_fsub</name>
         <value>0x3b31</value>
         <object_component_ref idref="oc-9d"/>
      </symbol>
      <symbol id="sm-5d5">
         <name>__subsf3</name>
         <value>0x3b31</value>
         <object_component_ref idref="oc-9d"/>
      </symbol>
      <symbol id="sm-5db">
         <name>__aeabi_dadd</name>
         <value>0x1df3</value>
         <object_component_ref idref="oc-d6"/>
      </symbol>
      <symbol id="sm-5dc">
         <name>__adddf3</name>
         <value>0x1df3</value>
         <object_component_ref idref="oc-d6"/>
      </symbol>
      <symbol id="sm-5dd">
         <name>__aeabi_dsub</name>
         <value>0x1de9</value>
         <object_component_ref idref="oc-d6"/>
      </symbol>
      <symbol id="sm-5de">
         <name>__subdf3</name>
         <value>0x1de9</value>
         <object_component_ref idref="oc-d6"/>
      </symbol>
      <symbol id="sm-5e7">
         <name>__aeabi_dmul</name>
         <value>0x3519</value>
         <object_component_ref idref="oc-e1"/>
      </symbol>
      <symbol id="sm-5e8">
         <name>__muldf3</name>
         <value>0x3519</value>
         <object_component_ref idref="oc-e1"/>
      </symbol>
      <symbol id="sm-5ee">
         <name>__muldsi3</name>
         <value>0x61ed</value>
         <object_component_ref idref="oc-15c"/>
      </symbol>
      <symbol id="sm-5f4">
         <name>__aeabi_fmul</name>
         <value>0x4a0d</value>
         <object_component_ref idref="oc-2cb"/>
      </symbol>
      <symbol id="sm-5f5">
         <name>__mulsf3</name>
         <value>0x4a0d</value>
         <object_component_ref idref="oc-2cb"/>
      </symbol>
      <symbol id="sm-5fb">
         <name>__aeabi_fdiv</name>
         <value>0x4ba1</value>
         <object_component_ref idref="oc-146"/>
      </symbol>
      <symbol id="sm-5fc">
         <name>__divsf3</name>
         <value>0x4ba1</value>
         <object_component_ref idref="oc-146"/>
      </symbol>
      <symbol id="sm-602">
         <name>__aeabi_ddiv</name>
         <value>0x2e45</value>
         <object_component_ref idref="oc-342"/>
      </symbol>
      <symbol id="sm-603">
         <name>__divdf3</name>
         <value>0x2e45</value>
         <object_component_ref idref="oc-342"/>
      </symbol>
      <symbol id="sm-609">
         <name>__aeabi_f2d</name>
         <value>0x5f11</value>
         <object_component_ref idref="oc-ce"/>
      </symbol>
      <symbol id="sm-60a">
         <name>__extendsfdf2</name>
         <value>0x5f11</value>
         <object_component_ref idref="oc-ce"/>
      </symbol>
      <symbol id="sm-610">
         <name>__aeabi_d2iz</name>
         <value>0x5b49</value>
         <object_component_ref idref="oc-da"/>
      </symbol>
      <symbol id="sm-611">
         <name>__fixdfsi</name>
         <value>0x5b49</value>
         <object_component_ref idref="oc-da"/>
      </symbol>
      <symbol id="sm-617">
         <name>__aeabi_f2iz</name>
         <value>0x6229</value>
         <object_component_ref idref="oc-2cf"/>
      </symbol>
      <symbol id="sm-618">
         <name>__fixsfsi</name>
         <value>0x6229</value>
         <object_component_ref idref="oc-2cf"/>
      </symbol>
      <symbol id="sm-61e">
         <name>__aeabi_d2uiz</name>
         <value>0x5e0d</value>
         <object_component_ref idref="oc-161"/>
      </symbol>
      <symbol id="sm-61f">
         <name>__fixunsdfsi</name>
         <value>0x5e0d</value>
         <object_component_ref idref="oc-161"/>
      </symbol>
      <symbol id="sm-625">
         <name>__aeabi_i2d</name>
         <value>0x6579</value>
         <object_component_ref idref="oc-8e"/>
      </symbol>
      <symbol id="sm-626">
         <name>__floatsidf</name>
         <value>0x6579</value>
         <object_component_ref idref="oc-8e"/>
      </symbol>
      <symbol id="sm-62c">
         <name>__aeabi_ui2d</name>
         <value>0x67cd</value>
         <object_component_ref idref="oc-158"/>
      </symbol>
      <symbol id="sm-62d">
         <name>__floatunsidf</name>
         <value>0x67cd</value>
         <object_component_ref idref="oc-158"/>
      </symbol>
      <symbol id="sm-633">
         <name>__aeabi_ui2f</name>
         <value>0x66e9</value>
         <object_component_ref idref="oc-2c7"/>
      </symbol>
      <symbol id="sm-634">
         <name>__floatunsisf</name>
         <value>0x66e9</value>
         <object_component_ref idref="oc-2c7"/>
      </symbol>
      <symbol id="sm-63a">
         <name>__aeabi_lmul</name>
         <value>0x67f1</value>
         <object_component_ref idref="oc-310"/>
      </symbol>
      <symbol id="sm-63b">
         <name>__muldi3</name>
         <value>0x67f1</value>
         <object_component_ref idref="oc-310"/>
      </symbol>
      <symbol id="sm-642">
         <name>__aeabi_d2f</name>
         <value>0x4e11</value>
         <object_component_ref idref="oc-142"/>
      </symbol>
      <symbol id="sm-643">
         <name>__truncdfsf2</name>
         <value>0x4e11</value>
         <object_component_ref idref="oc-142"/>
      </symbol>
      <symbol id="sm-649">
         <name>__aeabi_dcmpeq</name>
         <value>0x52ad</value>
         <object_component_ref idref="oc-d2"/>
      </symbol>
      <symbol id="sm-64a">
         <name>__aeabi_dcmplt</name>
         <value>0x52c1</value>
         <object_component_ref idref="oc-d2"/>
      </symbol>
      <symbol id="sm-64b">
         <name>__aeabi_dcmple</name>
         <value>0x52d5</value>
         <object_component_ref idref="oc-d2"/>
      </symbol>
      <symbol id="sm-64c">
         <name>__aeabi_dcmpge</name>
         <value>0x52e9</value>
         <object_component_ref idref="oc-d2"/>
      </symbol>
      <symbol id="sm-64d">
         <name>__aeabi_dcmpgt</name>
         <value>0x52fd</value>
         <object_component_ref idref="oc-d2"/>
      </symbol>
      <symbol id="sm-653">
         <name>__aeabi_fcmpeq</name>
         <value>0x5311</value>
         <object_component_ref idref="oc-99"/>
      </symbol>
      <symbol id="sm-654">
         <name>__aeabi_fcmplt</name>
         <value>0x5325</value>
         <object_component_ref idref="oc-99"/>
      </symbol>
      <symbol id="sm-655">
         <name>__aeabi_fcmple</name>
         <value>0x5339</value>
         <object_component_ref idref="oc-99"/>
      </symbol>
      <symbol id="sm-656">
         <name>__aeabi_fcmpge</name>
         <value>0x534d</value>
         <object_component_ref idref="oc-99"/>
      </symbol>
      <symbol id="sm-657">
         <name>__aeabi_fcmpgt</name>
         <value>0x5361</value>
         <object_component_ref idref="oc-99"/>
      </symbol>
      <symbol id="sm-65d">
         <name>__aeabi_idiv</name>
         <value>0x5881</value>
         <object_component_ref idref="oc-2d3"/>
      </symbol>
      <symbol id="sm-65e">
         <name>__aeabi_idivmod</name>
         <value>0x5881</value>
         <object_component_ref idref="oc-2d3"/>
      </symbol>
      <symbol id="sm-664">
         <name>__aeabi_memcpy</name>
         <value>0x72d5</value>
         <object_component_ref idref="oc-5a"/>
      </symbol>
      <symbol id="sm-665">
         <name>__aeabi_memcpy4</name>
         <value>0x72d5</value>
         <object_component_ref idref="oc-5a"/>
      </symbol>
      <symbol id="sm-666">
         <name>__aeabi_memcpy8</name>
         <value>0x72d5</value>
         <object_component_ref idref="oc-5a"/>
      </symbol>
      <symbol id="sm-66d">
         <name>__aeabi_memset</name>
         <value>0x7251</value>
         <object_component_ref idref="oc-2fb"/>
      </symbol>
      <symbol id="sm-66e">
         <name>__aeabi_memset4</name>
         <value>0x7251</value>
         <object_component_ref idref="oc-2fb"/>
      </symbol>
      <symbol id="sm-66f">
         <name>__aeabi_memset8</name>
         <value>0x7251</value>
         <object_component_ref idref="oc-2fb"/>
      </symbol>
      <symbol id="sm-675">
         <name>__aeabi_uidiv</name>
         <value>0x5ed1</value>
         <object_component_ref idref="oc-265"/>
      </symbol>
      <symbol id="sm-676">
         <name>__aeabi_uidivmod</name>
         <value>0x5ed1</value>
         <object_component_ref idref="oc-265"/>
      </symbol>
      <symbol id="sm-67c">
         <name>__aeabi_uldivmod</name>
         <value>0x7145</value>
         <object_component_ref idref="oc-315"/>
      </symbol>
      <symbol id="sm-685">
         <name>__eqsf2</name>
         <value>0x61b1</value>
         <object_component_ref idref="oc-eb"/>
      </symbol>
      <symbol id="sm-686">
         <name>__lesf2</name>
         <value>0x61b1</value>
         <object_component_ref idref="oc-eb"/>
      </symbol>
      <symbol id="sm-687">
         <name>__ltsf2</name>
         <value>0x61b1</value>
         <object_component_ref idref="oc-eb"/>
      </symbol>
      <symbol id="sm-688">
         <name>__nesf2</name>
         <value>0x61b1</value>
         <object_component_ref idref="oc-eb"/>
      </symbol>
      <symbol id="sm-689">
         <name>__cmpsf2</name>
         <value>0x61b1</value>
         <object_component_ref idref="oc-eb"/>
      </symbol>
      <symbol id="sm-68a">
         <name>__gtsf2</name>
         <value>0x6139</value>
         <object_component_ref idref="oc-f0"/>
      </symbol>
      <symbol id="sm-68b">
         <name>__gesf2</name>
         <value>0x6139</value>
         <object_component_ref idref="oc-f0"/>
      </symbol>
      <symbol id="sm-691">
         <name>__udivmoddi4</name>
         <value>0x45d5</value>
         <object_component_ref idref="oc-32c"/>
      </symbol>
      <symbol id="sm-697">
         <name>__aeabi_llsl</name>
         <value>0x68f9</value>
         <object_component_ref idref="oc-349"/>
      </symbol>
      <symbol id="sm-698">
         <name>__ashldi3</name>
         <value>0x68f9</value>
         <object_component_ref idref="oc-349"/>
      </symbol>
      <symbol id="sm-6a6">
         <name>__ledf2</name>
         <value>0x5115</value>
         <object_component_ref idref="oc-14e"/>
      </symbol>
      <symbol id="sm-6a7">
         <name>__gedf2</name>
         <value>0x4d99</value>
         <object_component_ref idref="oc-154"/>
      </symbol>
      <symbol id="sm-6a8">
         <name>__cmpdf2</name>
         <value>0x5115</value>
         <object_component_ref idref="oc-14e"/>
      </symbol>
      <symbol id="sm-6a9">
         <name>__eqdf2</name>
         <value>0x5115</value>
         <object_component_ref idref="oc-14e"/>
      </symbol>
      <symbol id="sm-6aa">
         <name>__ltdf2</name>
         <value>0x5115</value>
         <object_component_ref idref="oc-14e"/>
      </symbol>
      <symbol id="sm-6ab">
         <name>__nedf2</name>
         <value>0x5115</value>
         <object_component_ref idref="oc-14e"/>
      </symbol>
      <symbol id="sm-6ac">
         <name>__gtdf2</name>
         <value>0x4d99</value>
         <object_component_ref idref="oc-154"/>
      </symbol>
      <symbol id="sm-6b9">
         <name>__aeabi_idiv0</name>
         <value>0x1f7b</value>
         <object_component_ref idref="oc-2bc"/>
      </symbol>
      <symbol id="sm-6ba">
         <name>__aeabi_ldiv0</name>
         <value>0x4677</value>
         <object_component_ref idref="oc-348"/>
      </symbol>
      <symbol id="sm-6c3">
         <name>TI_memcpy_small</name>
         <value>0x71dd</value>
         <object_component_ref idref="oc-f7"/>
      </symbol>
      <symbol id="sm-6cc">
         <name>TI_memset_small</name>
         <value>0x727b</value>
         <object_component_ref idref="oc-16d"/>
      </symbol>
      <symbol id="sm-6cd">
         <name>__TI_static_base__</name>
         <value>0x0</value>
      </symbol>
      <symbol id="sm-6d1">
         <name>__mpu_init</name>
         <value>0x0</value>
      </symbol>
      <symbol id="sm-6d2">
         <name>_system_post_cinit</name>
         <value>0x0</value>
      </symbol>
   </symbol_table>
   <title>Link successful</title>
</link_info>
